Component: ARM Compiler 5.06 update 7 (build 960) Tool: armlink [4d3601]

==============================================================================

Section Cross References

    startup_stm32f103xb.o(RESET) refers to startup_stm32f103xb.o(STACK) for __initial_sp
    startup_stm32f103xb.o(RESET) refers to startup_stm32f103xb.o(.text) for Reset_Handler
    startup_stm32f103xb.o(RESET) refers to stm32f1xx_it.o(i.NMI_Handler) for NMI_Handler
    startup_stm32f103xb.o(RESET) refers to stm32f1xx_it.o(i.HardFault_Handler) for HardFault_Handler
    startup_stm32f103xb.o(RESET) refers to stm32f1xx_it.o(i.MemManage_Handler) for MemManage_Handler
    startup_stm32f103xb.o(RESET) refers to stm32f1xx_it.o(i.BusFault_Handler) for BusFault_Handler
    startup_stm32f103xb.o(RESET) refers to stm32f1xx_it.o(i.UsageFault_Handler) for UsageFault_Handler
    startup_stm32f103xb.o(RESET) refers to port.o(.emb_text) for SVC_Handler
    startup_stm32f103xb.o(RESET) refers to stm32f1xx_it.o(i.DebugMon_Handler) for DebugMon_Handler
    startup_stm32f103xb.o(RESET) refers to port.o(i.SysTick_Handler) for SysTick_Handler
    startup_stm32f103xb.o(RESET) refers to stm32f1xx_it.o(i.DMA1_Channel1_IRQHandler) for DMA1_Channel1_IRQHandler
    startup_stm32f103xb.o(RESET) refers to stm32f1xx_it.o(i.DMA1_Channel2_IRQHandler) for DMA1_Channel2_IRQHandler
    startup_stm32f103xb.o(RESET) refers to stm32f1xx_it.o(i.DMA1_Channel3_IRQHandler) for DMA1_Channel3_IRQHandler
    startup_stm32f103xb.o(RESET) refers to stm32f1xx_it.o(i.DMA1_Channel4_IRQHandler) for DMA1_Channel4_IRQHandler
    startup_stm32f103xb.o(RESET) refers to stm32f1xx_it.o(i.DMA1_Channel5_IRQHandler) for DMA1_Channel5_IRQHandler
    startup_stm32f103xb.o(RESET) refers to stm32f1xx_it.o(i.EXTI9_5_IRQHandler) for EXTI9_5_IRQHandler
    startup_stm32f103xb.o(RESET) refers to stm32f1xx_it.o(i.TIM1_UP_IRQHandler) for TIM1_UP_IRQHandler
    startup_stm32f103xb.o(RESET) refers to stm32f1xx_it.o(i.TIM4_IRQHandler) for TIM4_IRQHandler
    startup_stm32f103xb.o(RESET) refers to stm32f1xx_it.o(i.USART1_IRQHandler) for USART1_IRQHandler
    startup_stm32f103xb.o(RESET) refers to stm32f1xx_it.o(i.USART3_IRQHandler) for USART3_IRQHandler
    startup_stm32f103xb.o(.text) refers to system_stm32f1xx.o(i.SystemInit) for SystemInit
    startup_stm32f103xb.o(.text) refers to entry.o(.ARM.Collect$$$$00000000) for __main
    main.o(i.HAL_TIM_PeriodElapsedCallback) refers to stm32f1xx_hal.o(i.HAL_IncTick) for HAL_IncTick
    main.o(i.SystemClock_Config) refers to memseta.o(.text) for __aeabi_memclr4
    main.o(i.SystemClock_Config) refers to stm32f1xx_hal_rcc.o(i.HAL_RCC_OscConfig) for HAL_RCC_OscConfig
    main.o(i.SystemClock_Config) refers to stm32f1xx_hal_rcc.o(i.HAL_RCC_ClockConfig) for HAL_RCC_ClockConfig
    main.o(i.SystemClock_Config) refers to stm32f1xx_hal_rcc_ex.o(i.HAL_RCCEx_PeriphCLKConfig) for HAL_RCCEx_PeriphCLKConfig
    main.o(i.fgetc) refers to stm32f1xx_hal_uart.o(i.HAL_UART_Receive) for HAL_UART_Receive
    main.o(i.fgetc) refers to usart.o(.bss) for huart3
    main.o(i.main) refers to stm32f1xx_hal.o(i.HAL_Init) for HAL_Init
    main.o(i.main) refers to main.o(i.SystemClock_Config) for SystemClock_Config
    main.o(i.main) refers to gpio.o(i.MX_GPIO_Init) for MX_GPIO_Init
    main.o(i.main) refers to dma.o(i.MX_DMA_Init) for MX_DMA_Init
    main.o(i.main) refers to tim.o(i.MX_TIM2_Init) for MX_TIM2_Init
    main.o(i.main) refers to tim.o(i.MX_TIM3_Init) for MX_TIM3_Init
    main.o(i.main) refers to tim.o(i.MX_TIM4_Init) for MX_TIM4_Init
    main.o(i.main) refers to usart.o(i.MX_USART3_UART_Init) for MX_USART3_UART_Init
    main.o(i.main) refers to adc.o(i.MX_ADC1_Init) for MX_ADC1_Init
    main.o(i.main) refers to usart.o(i.MX_USART1_UART_Init) for MX_USART1_UART_Init
    main.o(i.main) refers to my_usart.o(i.User_USART_Init) for User_USART_Init
    main.o(i.main) refers to stm32f1xx_hal_uart.o(i.HAL_UART_Receive_DMA) for HAL_UART_Receive_DMA
    main.o(i.main) refers to my_usart.o(i.myData_Init) for myData_Init
    main.o(i.main) refers to stm32f1xx_hal_tim.o(i.HAL_TIM_PWM_Start) for HAL_TIM_PWM_Start
    main.o(i.main) refers to contrl.o(i.Set_PWM) for Set_PWM
    main.o(i.main) refers to stm32f1xx_hal_tim.o(i.HAL_TIM_Base_Start_IT) for HAL_TIM_Base_Start_IT
    main.o(i.main) refers to printfa.o(i.__0printf) for __2printf
    main.o(i.main) refers to freertos.o(i.MX_FREERTOS_Init) for MX_FREERTOS_Init
    main.o(i.main) refers to cmsis_os.o(i.osKernelStart) for osKernelStart
    main.o(i.main) refers to my_usart.o(.bss) for BT_Data
    main.o(i.main) refers to usart.o(.bss) for huart3
    main.o(i.main) refers to tim.o(.bss) for htim3
    gpio.o(i.MX_GPIO_Init) refers to stm32f1xx_hal_gpio.o(i.HAL_GPIO_WritePin) for HAL_GPIO_WritePin
    gpio.o(i.MX_GPIO_Init) refers to stm32f1xx_hal_gpio.o(i.HAL_GPIO_Init) for HAL_GPIO_Init
    gpio.o(i.MX_GPIO_Init) refers to stm32f1xx_hal_cortex.o(i.HAL_NVIC_SetPriority) for HAL_NVIC_SetPriority
[...]
    __cxa_finalize                            - Undefined Weak Reference
    _clock_init                               - Undefined Weak Reference
    _microlib_exit                            - Undefined Weak Reference
    __Vectors_Size                           0x000000ec   Number         0  startup_stm32f103xb.o ABSOLUTE
    __Vectors                                0x08000000   Data           4  startup_stm32f103xb.o(RESET)
    __Vectors_End                            0x080000ec   Data           0  startup_stm32f103xb.o(RESET)
    __main                                   0x080000ed   Thumb Code     0  entry.o(.ARM.Collect$$$$00000000)
    _main_stk                                0x080000ed   Thumb Code     0  entry2.o(.ARM.Collect$$$$00000001)
    _main_scatterload                        0x080000f1   Thumb Code     0  entry5.o(.ARM.Collect$$$$00000004)
    __main_after_scatterload                 0x080000f5   Thumb Code     0  entry5.o(.ARM.Collect$$$$00000004)
    _main_clock                              0x080000f5   Thumb Code     0  entry7b.o(.ARM.Collect$$$$00000008)
    _main_cpp_init                           0x080000f5   Thumb Code     0  entry8b.o(.ARM.Collect$$$$0000000A)
    _main_init                               0x080000f5   Thumb Code     0  entry9a.o(.ARM.Collect$$$$0000000B)
    __rt_lib_shutdown_fini                   0x080000fd   Thumb Code     0  entry12b.o(.ARM.Collect$$$$0000000E)
    __rt_final_cpp                           0x08000101   Thumb Code     0  entry10a.o(.ARM.Collect$$$$0000000F)
    __rt_final_exit                          0x08000101   Thumb Code     0  entry11a.o(.ARM.Collect$$$$00000011)
    SVC_Handler                              0x08000105   Thumb Code    32  port.o(.emb_text)
    __asm___6_port_c_39a90d8d__prvStartFirstTask 0x08000129   Thumb Code    28  port.o(.emb_text)
    PendSV_Handler                           0x08000149   Thumb Code    72  port.o(.emb_text)
    vPortGetIPSR                             0x08000195   Thumb Code     6  port.o(.emb_text)
    Reset_Handler                            0x0800019d   Thumb Code     8  startup_stm32f103xb.o(.text)
    ADC1_2_IRQHandler                        0x080001b7   Thumb Code     0  startup_stm32f103xb.o(.text)
    CAN1_RX1_IRQHandler                      0x080001b7   Thumb Code     0  startup_stm32f103xb.o(.text)
    CAN1_SCE_IRQHandler                      0x080001b7   Thumb Code     0  startup_stm32f103xb.o(.text)
    DMA1_Channel6_IRQHandler                 0x080001b7   Thumb Code     0  startup_stm32f103xb.o(.text)
    DMA1_Channel7_IRQHandler                 0x080001b7   Thumb Code     0  startup_stm32f103xb.o(.text)
    EXTI0_IRQHandler                         0x080001b7   Thumb Code     0  startup_stm32f103xb.o(.text)
    EXTI15_10_IRQHandler                     0x080001b7   Thumb Code     0  startup_stm32f103xb.o(.text)
    EXTI1_IRQHandler                         0x080001b7   Thumb Code     0  startup_stm32f103xb.o(.text)
    EXTI2_IRQHandler                         0x080001b7   Thumb Code     0  startup_stm32f103xb.o(.text)
    EXTI3_IRQHandler                         0x080001b7   Thumb Code     0  startup_stm32f103xb.o(.text)
    EXTI4_IRQHandler                         0x080001b7   Thumb Code     0  startup_stm32f103xb.o(.text)
    FLASH_IRQHandler                         0x080001b7   Thumb Code     0  startup_stm32f103xb.o(.text)
    I2C1_ER_IRQHandler                       0x080001b7   Thumb Code     0  startup_stm32f103xb.o(.text)
    I2C1_EV_IRQHandler                       0x080001b7   Thumb Code     0  startup_stm32f103xb.o(.text)
    I2C2_ER_IRQHandler                       0x080001b7   Thumb Code     0  startup_stm32f103xb.o(.text)
    I2C2_EV_IRQHandler                       0x080001b7   Thumb Code     0  startup_stm32f103xb.o(.text)
    PVD_IRQHandler                           0x080001b7   Thumb Code     0  startup_stm32f103xb.o(.text)
    RCC_IRQHandler                           0x080001b7   Thumb Code     0  startup_stm32f103xb.o(.text)
    RTC_Alarm_IRQHandler                     0x080001b7   Thumb Code     0  startup_stm32f103xb.o(.text)
    RTC_IRQHandler                           0x080001b7   Thumb Code     0  startup_stm32f103xb.o(.text)
    SPI1_IRQHandler                          0x080001b7   Thumb Code     0  startup_stm32f103xb.o(.text)
    SPI2_IRQHandler                          0x080001b7   Thumb Code     0  startup_stm32f103xb.o(.text)
    TAMPER_IRQHandler                        0x080001b7   Thumb Code     0  startup_stm32f103xb.o(.text)
    TIM1_BRK_IRQHandler                      0x080001b7   Thumb Code     0  startup_stm32f103xb.o(.text)
    TIM1_CC_IRQHandler                       0x080001b7   Thumb Code     0  startup_stm32f103xb.o(.text)
    TIM1_TRG_COM_IRQHandler                  0x080001b7   Thumb Code     0  startup_stm32f103xb.o(.text)
    TIM2_IRQHandler                          0x080001b7   Thumb Code     0  startup_stm32f103xb.o(.text)
    TIM3_IRQHandler                          0x080001b7   Thumb Code     0  startup_stm32f103xb.o(.text)
    USART2_IRQHandler                        0x080001b7   Thumb Code     0  startup_stm32f103xb.o(.text)
    USBWakeUp_IRQHandler                     0x080001b7   Thumb Code     0  startup_stm32f103xb.o(.text)
    USB_HP_CAN1_TX_IRQHandler                0x080001b7   Thumb Code     0  startup_stm32f103xb.o(.text)
    USB_LP_CAN1_RX0_IRQHandler               0x080001b7   Thumb Code     0  startup_stm32f103xb.o(.text)
    WWDG_IRQHandler                          0x080001b7   Thumb Code     0  startup_stm32f103xb.o(.text)
    __aeabi_ldivmod                          0x080001c1   Thumb Code    98  ldiv.o(.text)
    __aeabi_llsr                             0x08000223   Thumb Code    32  llushr.o(.text)
    _ll_ushift_r                             0x08000223   Thumb Code     0  llushr.o(.text)
    __aeabi_memcpy                           0x08000243   Thumb Code    36  memcpya.o(.text)
    __aeabi_memcpy4                          0x08000243   Thumb Code     0  memcpya.o(.text)
    __aeabi_memcpy8                          0x08000243   Thumb Code     0  memcpya.o(.text)
    __aeabi_memset                           0x08000267   Thumb Code    14  memseta.o(.text)
    __aeabi_memset4                          0x08000267   Thumb Code     0  memseta.o(.text)
    __aeabi_memset8                          0x08000267   Thumb Code     0  memseta.o(.text)
    __aeabi_memclr                           0x08000275   Thumb Code     4  memseta.o(.text)
    __aeabi_memclr4                          0x08000275   Thumb Code     0  memseta.o(.text)
    __aeabi_memclr8                          0x08000275   Thumb Code     0  memseta.o(.text)
    memset                                   0x08000279   Thumb Code    18  memseta.o(.text)
    memcmp                                   0x0800028b   Thumb Code    26  memcmp.o(.text)
    __aeabi_fadd                             0x080002a5   Thumb Code   164  fadd.o(.text)
    __aeabi_fsub                             0x08000349   Thumb Code     6  fadd.o(.text)
    __aeabi_frsub                            0x0800034f   Thumb Code     6  fadd.o(.text)
    __aeabi_fmul                             0x08000355   Thumb Code   100  fmul.o(.text)
    __aeabi_fdiv                             0x080003b9   Thumb Code   124  fdiv.o(.text)
    __ARM_scalbnf                            0x08000435   Thumb Code    24  fscalb.o(.text)
    scalbnf                                  0x08000435   Thumb Code     0  fscalb.o(.text)
    __aeabi_dadd                             0x0800044d   Thumb Code   322  dadd.o(.text)
    __aeabi_dsub                             0x0800058f   Thumb Code     6  dadd.o(.text)
    __aeabi_drsub                            0x08000595   Thumb Code     6  dadd.o(.text)
    __aeabi_dmul                             0x0800059b   Thumb Code   228  dmul.o(.text)
    __aeabi_ddiv                             0x0800067f   Thumb Code   222  ddiv.o(.text)
    __aeabi_i2f                              0x0800075d   Thumb Code    18  fflti.o(.text)
    __aeabi_ui2f                             0x0800076f   Thumb Code    10  ffltui.o(.text)
    __aeabi_i2d                              0x08000779   Thumb Code    34  dflti.o(.text)
    __aeabi_f2iz                             0x0800079b   Thumb Code    50  ffixi.o(.text)
    __aeabi_f2uiz                            0x080007cd   Thumb Code    40  ffixui.o(.text)
    __aeabi_d2iz                             0x080007f5   Thumb Code    62  dfixi.o(.text)
    __aeabi_f2d                              0x08000833   Thumb Code    38  f2d.o(.text)
    __aeabi_d2f                              0x08000859   Thumb Code    56  d2f.o(.text)
    __aeabi_uidiv                            0x08000891   Thumb Code     0  uidiv.o(.text)
    __aeabi_uidivmod                         0x08000891   Thumb Code    44  uidiv.o(.text)
    __aeabi_uldivmod                         0x080008bd   Thumb Code    98  uldiv.o(.text)
    __aeabi_llsl                             0x0800091f   Thumb Code    30  llshl.o(.text)
    _ll_shift_l                              0x0800091f   Thumb Code     0  llshl.o(.text)
    __aeabi_lasr                             0x0800093d   Thumb Code    36  llsshr.o(.text)
    _ll_sshift_r                             0x0800093d   Thumb Code     0  llsshr.o(.text)
    __I$use$fp                               0x08000961   Thumb Code     0  iusefp.o(.text)
    _float_round                             0x08000961   Thumb Code    18  fepilogue.o(.text)
    _float_epilogue                          0x08000973   Thumb Code    92  fepilogue.o(.text)
    _double_round                            0x080009cf   Thumb Code    30  depilogue.o(.text)
    _double_epilogue                         0x080009ed   Thumb Code   156  depilogue.o(.text)
    __ARM_scalbn                             0x08000a89   Thumb Code    46  dscalb.o(.text)
    scalbn                                   0x08000a89   Thumb Code     0  dscalb.o(.text)
    _dsqrt                                   0x08000ab7   Thumb Code   162  dsqrt.o(.text)
    __aeabi_d2ulz                            0x08000b59   Thumb Code    48  dfixul.o(.text)
    __aeabi_cdcmpeq                          0x08000b89   Thumb Code     0  cdcmple.o(.text)
    __aeabi_cdcmple                          0x08000b89   Thumb Code    48  cdcmple.o(.text)
    __aeabi_cdrcmple                         0x08000bb9   Thumb Code    48  cdrcmple.o(.text)
    __scatterload                            0x08000be9   Thumb Code    28  init.o(.text)
    __scatterload_rt2                        0x08000be9   Thumb Code     0  init.o(.text)
    __aeabi_ui2d                             0x08000c0d   Thumb Code    26  dfltui.o(.text)
    __decompress                             0x08000c27   Thumb Code     0  __dczerorl2.o(.text)
    __decompress1                            0x08000c27   Thumb Code    86  __dczerorl2.o(.text)
    ADC_ConversionStop_Disable               0x08000c7d   Thumb Code    86  stm32f1xx_hal_adc.o(i.ADC_ConversionStop_Disable)
    ADC_Enable                               0x08000cd5   Thumb Code   114  stm32f1xx_hal_adc.o(i.ADC_Enable)
    BTData_Process                           0x08000d51   Thumb Code   190  my_usart.o(i.BTData_Process)
    BusFault_Handler                         0x08000e15   Thumb Code     2  stm32f1xx_it.o(i.BusFault_Handler)
    Car_Task_100HZ                           0x08000e19   Thumb Code   822  car_task.o(i.Car_Task_100HZ)
    Car_Task_10HZ                            0x080011d1   Thumb Code   290  car_task.o(i.Car_Task_10HZ)
    Car_Task_200HZ                           0x0800139d   Thumb Code    26  car_task.o(i.Car_Task_200HZ)
    Car_Task_Interaction                     0x080013c1   Thumb Code   394  car_task.o(i.Car_Task_Interaction)
    Car_Task_Interaction_begin               0x0800159d   Thumb Code    82  car_task.o(i.Car_Task_Interaction_begin)
    DMA1_Channel1_IRQHandler                 0x08001621   Thumb Code     6  stm32f1xx_it.o(i.DMA1_Channel1_IRQHandler)
    DMA1_Channel2_IRQHandler                 0x0800162d   Thumb Code     6  stm32f1xx_it.o(i.DMA1_Channel2_IRQHandler)
    DMA1_Channel3_IRQHandler                 0x08001639   Thumb Code     6  stm32f1xx_it.o(i.DMA1_Channel3_IRQHandler)
    DMA1_Channel4_IRQHandler                 0x08001645   Thumb Code     6  stm32f1xx_it.o(i.DMA1_Channel4_IRQHandler)
    DMA1_Channel5_IRQHandler                 0x08001651   Thumb Code     6  stm32f1xx_it.o(i.DMA1_Channel5_IRQHandler)
    DebugMon_Handler                         0x08001687   Thumb Code     2  stm32f1xx_it.o(i.DebugMon_Handler)
    EXTI9_5_IRQHandler                       0x08001689   Thumb Code     8  stm32f1xx_it.o(i.EXTI9_5_IRQHandler)
    Error_Handler                            0x08001691   Thumb Code     2  main.o(i.Error_Handler)
    Get_sys_time_ms                          0x08001693   Thumb Code     4  sys_time.o(i.Get_sys_time_ms)
    Get_sys_time_only_us                     0x08001699   Thumb Code     6  sys_time.o(i.Get_sys_time_only_us)
    Get_sys_time_us                          0x080016a5   Thumb Code    24  sys_time.o(i.Get_sys_time_us)
    Getdistance                              0x080016c1   Thumb Code    52  echo.o(i.Getdistance)
    GettraceModule                           0x080016fd   Thumb Code   100  tracemodule.o(i.GettraceModule)
    HAL_ADC_ConfigChannel                    0x0800176d   Thumb Code   240  stm32f1xx_hal_adc.o(i.HAL_ADC_ConfigChannel)
    HAL_ADC_GetValue                         0x08001869   Thumb Code     6  stm32f1xx_hal_adc.o(i.HAL_ADC_GetValue)
    HAL_ADC_Init                             0x08001871   Thumb Code   272  stm32f1xx_hal_adc.o(i.HAL_ADC_Init)
    HAL_ADC_MspInit                          0x0800198d   Thumb Code   120  adc.o(i.HAL_ADC_MspInit)
    HAL_ADC_PollForConversion                0x08001a19   Thumb Code   304  stm32f1xx_hal_adc.o(i.HAL_ADC_PollForConversion)
    HAL_ADC_Start                            0x08001b55   Thumb Code   184  stm32f1xx_hal_adc.o(i.HAL_ADC_Start)
    HAL_DMA_Abort                            0x08001c15   Thumb Code    70  stm32f1xx_hal_dma.o(i.HAL_DMA_Abort)
    HAL_DMA_Abort_IT                         0x08001c5d   Thumb Code   148  stm32f1xx_hal_dma.o(i.HAL_DMA_Abort_IT)
    HAL_DMA_IRQHandler                       0x08001cf5   Thumb Code   316  stm32f1xx_hal_dma.o(i.HAL_DMA_IRQHandler)
    HAL_DMA_Init                             0x08001e49   Thumb Code    84  stm32f1xx_hal_dma.o(i.HAL_DMA_Init)
    HAL_DMA_Start_IT                         0x08001ea5   Thumb Code   112  stm32f1xx_hal_dma.o(i.HAL_DMA_Start_IT)
    HAL_Delay                                0x08001f15   Thumb Code    32  stm32f1xx_hal.o(i.HAL_Delay)
    HAL_GPIO_EXTI_Callback                   0x08001f39   Thumb Code   180  echo.o(i.HAL_GPIO_EXTI_Callback)
    HAL_GPIO_EXTI_IRQHandler                 0x08002019   Thumb Code    18  stm32f1xx_hal_gpio.o(i.HAL_GPIO_EXTI_IRQHandler)
    HAL_GPIO_Init                            0x08002031   Thumb Code   446  stm32f1xx_hal_gpio.o(i.HAL_GPIO_Init)
    HAL_GPIO_ReadPin                         0x08002211   Thumb Code    10  stm32f1xx_hal_gpio.o(i.HAL_GPIO_ReadPin)
    HAL_GPIO_TogglePin                       0x0800221b   Thumb Code    16  stm32f1xx_hal_gpio.o(i.HAL_GPIO_TogglePin)
    HAL_GPIO_WritePin                        0x0800222b   Thumb Code    10  stm32f1xx_hal_gpio.o(i.HAL_GPIO_WritePin)
    HAL_GetTick                              0x08002235   Thumb Code     6  stm32f1xx_hal.o(i.HAL_GetTick)
    HAL_IncTick                              0x08002241   Thumb Code    12  stm32f1xx_hal.o(i.HAL_IncTick)
    HAL_Init                                 0x08002251   Thumb Code    32  stm32f1xx_hal.o(i.HAL_Init)
    HAL_InitTick                             0x08002275   Thumb Code   118  stm32f1xx_hal_timebase_tim.o(i.HAL_InitTick)
    HAL_MspInit                              0x08002301   Thumb Code    62  stm32f1xx_hal_msp.o(i.HAL_MspInit)
    HAL_NVIC_EnableIRQ                       0x08002349   Thumb Code    26  stm32f1xx_hal_cortex.o(i.HAL_NVIC_EnableIRQ)
    HAL_NVIC_SetPriority                     0x08002365   Thumb Code    60  stm32f1xx_hal_cortex.o(i.HAL_NVIC_SetPriority)
    HAL_NVIC_SetPriorityGrouping             0x080023a5   Thumb Code    26  stm32f1xx_hal_cortex.o(i.HAL_NVIC_SetPriorityGrouping)
    HAL_RCCEx_GetPeriphCLKFreq               0x080023c9   Thumb Code   166  stm32f1xx_hal_rcc_ex.o(i.HAL_RCCEx_GetPeriphCLKFreq)
    HAL_RCCEx_PeriphCLKConfig                0x08002491   Thumb Code   224  stm32f1xx_hal_rcc_ex.o(i.HAL_RCCEx_PeriphCLKConfig)
    HAL_RCC_ClockConfig                      0x0800257d   Thumb Code   280  stm32f1xx_hal_rcc.o(i.HAL_RCC_ClockConfig)
    HAL_RCC_GetClockConfig                   0x080026a9   Thumb Code    54  stm32f1xx_hal_rcc.o(i.HAL_RCC_GetClockConfig)
    HAL_RCC_GetPCLK1Freq                     0x080026e9   Thumb Code    20  stm32f1xx_hal_rcc.o(i.HAL_RCC_GetPCLK1Freq)
    HAL_RCC_GetPCLK2Freq                     0x08002709   Thumb Code    20  stm32f1xx_hal_rcc.o(i.HAL_RCC_GetPCLK2Freq)
    HAL_RCC_GetSysClockFreq                  0x08002729   Thumb Code    74  stm32f1xx_hal_rcc.o(i.HAL_RCC_GetSysClockFreq)
    HAL_RCC_OscConfig                        0x08002795   Thumb Code   778  stm32f1xx_hal_rcc.o(i.HAL_RCC_OscConfig)
    HAL_TIMEx_BreakCallback                  0x08002ab5   Thumb Code     2  stm32f1xx_hal_tim_ex.o(i.HAL_TIMEx_BreakCallback)
    HAL_TIMEx_CommutCallback                 0x08002ab7   Thumb Code     2  stm32f1xx_hal_tim_ex.o(i.HAL_TIMEx_CommutCallback)
    HAL_TIMEx_MasterConfigSynchronization    0x08002ab9   Thumb Code    92  stm32f1xx_hal_tim_ex.o(i.HAL_TIMEx_MasterConfigSynchronization)
    HAL_TIM_Base_Init                        0x08002b21   Thumb Code    90  stm32f1xx_hal_tim.o(i.HAL_TIM_Base_Init)
    HAL_TIM_Base_MspInit                     0x08002b7b   Thumb Code     2  stm32f1xx_hal_tim.o(i.HAL_TIM_Base_MspInit)
    HAL_TIM_Base_Start_IT                    0x08002b7d   Thumb Code    76  stm32f1xx_hal_tim.o(i.HAL_TIM_Base_Start_IT)
    HAL_TIM_IC_CaptureCallback               0x08002bd5   Thumb Code     2  stm32f1xx_hal_tim.o(i.HAL_TIM_IC_CaptureCallback)
    HAL_TIM_IRQHandler                       0x08002bd7   Thumb Code   358  stm32f1xx_hal_tim.o(i.HAL_TIM_IRQHandler)
    HAL_TIM_MspPostInit                      0x08002d3d   Thumb Code   162  tim.o(i.HAL_TIM_MspPostInit)
    HAL_TIM_OC_DelayElapsedCallback          0x08002df5   Thumb Code     2  stm32f1xx_hal_tim.o(i.HAL_TIM_OC_DelayElapsedCallback)
    HAL_TIM_PWM_ConfigChannel                0x08002df7   Thumb Code   198  stm32f1xx_hal_tim.o(i.HAL_TIM_PWM_ConfigChannel)
    HAL_TIM_PWM_Init                         0x08002ebd   Thumb Code    90  stm32f1xx_hal_tim.o(i.HAL_TIM_PWM_Init)
    HAL_TIM_PWM_MspInit                      0x08002f19   Thumb Code    94  tim.o(i.HAL_TIM_PWM_MspInit)
    HAL_TIM_PWM_PulseFinishedCallback        0x08002f85   Thumb Code     2  stm32f1xx_hal_tim.o(i.HAL_TIM_PWM_PulseFinishedCallback)
    HAL_TIM_PWM_Start                        0x08002f89   Thumb Code   144  stm32f1xx_hal_tim.o(i.HAL_TIM_PWM_Start)
    HAL_TIM_PeriodElapsedCallback            0x08003025   Thumb Code    14  main.o(i.HAL_TIM_PeriodElapsedCallback)
    HAL_TIM_TriggerCallback                  0x08003039   Thumb Code     2  stm32f1xx_hal_tim.o(i.HAL_TIM_TriggerCallback)
    HAL_UARTEx_RxEventCallback               0x0800303b   Thumb Code     2  stm32f1xx_hal_uart.o(i.HAL_UARTEx_RxEventCallback)
    HAL_UART_DMAStop                         0x0800303d   Thumb Code    88  stm32f1xx_hal_uart.o(i.HAL_UART_DMAStop)
    HAL_UART_ErrorCallback                   0x08003095   Thumb Code     2  stm32f1xx_hal_uart.o(i.HAL_UART_ErrorCallback)
    HAL_UART_IRQHandler                      0x08003099   Thumb Code   520  stm32f1xx_hal_uart.o(i.HAL_UART_IRQHandler)
    HAL_UART_Init                            0x080032a5   Thumb Code    98  stm32f1xx_hal_uart.o(i.HAL_UART_Init)
    HAL_UART_MspInit                         0x08003309   Thumb Code   376  usart.o(i.HAL_UART_MspInit)
    HAL_UART_Receive_DMA                     0x0800349d   Thumb Code    42  stm32f1xx_hal_uart.o(i.HAL_UART_Receive_DMA)
    HAL_UART_RxCpltCallback                  0x080034c7   Thumb Code     2  stm32f1xx_hal_uart.o(i.HAL_UART_RxCpltCallback)
    HAL_UART_RxHalfCpltCallback              0x080034c9   Thumb Code     2  stm32f1xx_hal_uart.o(i.HAL_UART_RxHalfCpltCallback)
    HAL_UART_TxCpltCallback                  0x080034cb   Thumb Code     2  stm32f1xx_hal_uart.o(i.HAL_UART_TxCpltCallback)
    HardFault_Handler                        0x080034cd   Thumb Code     2  stm32f1xx_it.o(i.HardFault_Handler)
    IIC_Ack                                  0x080034d1   Thumb Code    66  iic.o(i.IIC_Ack)
    IIC_GPIO_Init                            0x08003525   Thumb Code    52  iic.o(i.IIC_GPIO_Init)
    IIC_NAck                                 0x08003561   Thumb Code    52  iic.o(i.IIC_NAck)
    IIC_Read_Byte                            0x08003599   Thumb Code    96  iic.o(i.IIC_Read_Byte)
    IIC_Send_Byte                            0x080035fd   Thumb Code    98  iic.o(i.IIC_Send_Byte)
    IIC_Start                                0x08003665   Thumb Code    64  iic.o(i.IIC_Start)
    IIC_Stop                                 0x080036a9   Thumb Code    46  iic.o(i.IIC_Stop)
    IIC_Wait_Ack                             0x080036dd   Thumb Code    70  iic.o(i.IIC_Wait_Ack)
    MPU_Read_Len                             0x08003729   Thumb Code   108  mpu6050.o(i.MPU_Read_Len)
    MPU_Write_Len                            0x08003795   Thumb Code    82  mpu6050.o(i.MPU_Write_Len)
    MX_ADC1_Init                             0x080037e9   Thumb Code    70  adc.o(i.MX_ADC1_Init)
    MX_DMA_Init                              0x08003839   Thumb Code   104  dma.o(i.MX_DMA_Init)
    MX_FREERTOS_Init                         0x080038a5   Thumb Code    96  freertos.o(i.MX_FREERTOS_Init)
    MX_GPIO_Init                             0x0800390d   Thumb Code   266  gpio.o(i.MX_GPIO_Init)
    MX_TIM2_Init                             0x08003a2d   Thumb Code   152  tim.o(i.MX_TIM2_Init)
    MX_TIM3_Init                             0x08003ac9   Thumb Code   150  tim.o(i.MX_TIM3_Init)
    MX_TIM4_Init                             0x08003b69   Thumb Code   152  tim.o(i.MX_TIM4_Init)
    MX_USART1_UART_Init                      0x08003c09   Thumb Code    48  usart.o(i.MX_USART1_UART_Init)
    MX_USART3_UART_Init                      0x08003c41   Thumb Code    48  usart.o(i.MX_USART3_UART_Init)
    MemManage_Handler                        0x08003c79   Thumb Code     2  stm32f1xx_it.o(i.MemManage_Handler)
    NMI_Handler                              0x08003c7b   Thumb Code     2  stm32f1xx_it.o(i.NMI_Handler)
    OLED_CLS                                 0x08003c7d   Thumb Code     6  oled.o(i.OLED_CLS)
    OLED_Fill                                0x08003c85   Thumb Code    56  oled.o(i.OLED_Fill)
    OLED_Init                                0x08003cbd   Thumb Code   180  oled.o(i.OLED_Init)
    OLED_SetPos                              0x08003d71   Thumb Code    38  oled.o(i.OLED_SetPos)
    OLED_ShowChar                            0x08003d99   Thumb Code   126  oled.o(i.OLED_ShowChar)
    OLED_ShowFloat                           0x08003e21   Thumb Code   108  oled.o(i.OLED_ShowFloat)
    OLED_ShowNum                             0x08003e91   Thumb Code   110  oled.o(i.OLED_ShowNum)
    OLED_ShowStr                             0x08003f01   Thumb Code   208  oled.o(i.OLED_ShowStr)
    PWM_Limiting                             0x08003fd9   Thumb Code    80  contrl.o(i.PWM_Limiting)
    Set_PWM                                  0x0800402d   Thumb Code   224  contrl.o(i.Set_PWM)
    Set_Servo                                0x08004115   Thumb Code   100  contrl.o(i.Set_Servo)
    Start200hzTask                           0x0800417d   Thumb Code   170  freertos.o(i.Start200hzTask)
    StartTask100hz                           0x08004291   Thumb Code    16  freertos.o(i.StartTask100hz)
    StartTask10hz                            0x080042a1   Thumb Code    16  freertos.o(i.StartTask10hz)
    Start_interaction                        0x080042b1   Thumb Code    36  freertos.o(i.Start_interaction)
    SysTick_Handler                          0x080042d5   Thumb Code    38  port.o(i.SysTick_Handler)
    SystemClock_Config                       0x08004301   Thumb Code    96  main.o(i.SystemClock_Config)
    SystemInit                               0x08004361   Thumb Code     2  system_stm32f1xx.o(i.SystemInit)
    TIM1_UP_IRQHandler                       0x08004365   Thumb Code     6  stm32f1xx_it.o(i.TIM1_UP_IRQHandler)
    TIM4_IRQHandler                          0x08004371   Thumb Code     6  stm32f1xx_it.o(i.TIM4_IRQHandler)
    TIM_Base_SetConfig                       0x0800437d   Thumb Code    94  stm32f1xx_hal_tim.o(i.TIM_Base_SetConfig)
    TIM_CCxChannelCmd                        0x080043e9   Thumb Code    26  stm32f1xx_hal_tim.o(i.TIM_CCxChannelCmd)
    TIM_OC2_SetConfig                        0x08004455   Thumb Code    84  stm32f1xx_hal_tim.o(i.TIM_OC2_SetConfig)
    UART_Start_Receive_DMA                   0x080047c9   Thumb Code    98  stm32f1xx_hal_uart.o(i.UART_Start_Receive_DMA)
    USART1_IRQHandler                        0x08004839   Thumb Code    82  stm32f1xx_it.o(i.USART1_IRQHandler)
    USART3_IRQHandler                        0x08004899   Thumb Code    82  stm32f1xx_it.o(i.USART3_IRQHandler)
    UsageFault_Handler                       0x080048f9   Thumb Code     2  stm32f1xx_it.o(i.UsageFault_Handler)
    User_USART_Init                          0x080048fb   Thumb Code    60  my_usart.o(i.User_USART_Init)
    Vertical_turn_PD                         0x08004939   Thumb Code    80  contrl.o(i.Vertical_turn_PD)
    WriteCmd                                 0x08004999   Thumb Code    16  oled.o(i.WriteCmd)
    WriteDat                                 0x080049a9   Thumb Code    16  oled.o(i.WriteDat)
    __0printf                                0x080049b9   Thumb Code    22  printfa.o(i.__0printf)
    __1printf                                0x080049b9   Thumb Code     0  printfa.o(i.__0printf)
    __2printf                                0x080049b9   Thumb Code     0  printfa.o(i.__0printf)
    __c89printf                              0x080049b9   Thumb Code     0  printfa.o(i.__0printf)
    printf                                   0x080049b9   Thumb Code     0  printfa.o(i.__0printf)
    __ARM_fpclassify                         0x080049d9   Thumb Code    40  fpclassify.o(i.__ARM_fpclassify)
    __ieee754_rem_pio2                       0x08004a21   Thumb Code   828  rred.o(i.__ieee754_rem_pio2)
    __kernel_cos                             0x08004da9   Thumb Code   230  cos_i.o(i.__kernel_cos)
    __kernel_poly                            0x08004ea5   Thumb Code   170  poly.o(i.__kernel_poly)
    __kernel_sin                             0x08004f51   Thumb Code   224  sin_i.o(i.__kernel_sin)
    __mathlib_dbl_infnan                     0x0800503d   Thumb Code     6  dunder.o(i.__mathlib_dbl_infnan)
    __mathlib_dbl_infnan2                    0x08005043   Thumb Code     4  dunder.o(i.__mathlib_dbl_infnan2)
    __mathlib_dbl_invalid                    0x08005047   Thumb Code    12  dunder.o(i.__mathlib_dbl_invalid)
    __mathlib_dbl_underflow                  0x08005055   Thumb Code    10  dunder.o(i.__mathlib_dbl_underflow)
    __scatterload_copy                       0x08005065   Thumb Code    14  handlers.o(i.__scatterload_copy)
    __scatterload_null                       0x08005073   Thumb Code     2  handlers.o(i.__scatterload_null)
    __scatterload_zeroinit                   0x08005075   Thumb Code    14  handlers.o(i.__scatterload_zeroinit)
    __set_errno                              0x08005085   Thumb Code     6  errno.o(i.__set_errno)
    acos                                     0x0800599d   Thumb Code   574  acos.o(i.acos)
    arm_calculating                          0x08005c19   Thumb Code   262  contrl.o(i.arm_calculating)
    asin                                     0x08005d39   Thumb Code   572  asin.o(i.asin)
    atan                                     0x08005fa9   Thumb Code   474  atan.o(i.atan)
    atan2                                    0x080061c9   Thumb Code   374  atan2.o(i.atan2)
    dmp_enable_6x_lp_quat                    0x08006365   Thumb Code    58  inv_mpu_dmp_motion_driver.o(i.dmp_enable_6x_lp_quat)
    dmp_enable_feature                       0x080063a1   Thumb Code   464  inv_mpu_dmp_motion_driver.o(i.dmp_enable_feature)
    dmp_enable_gyro_cal                      0x08006579   Thumb Code    34  inv_mpu_dmp_motion_driver.o(i.dmp_enable_gyro_cal)
    dmp_enable_lp_quat                       0x080065b5   Thumb Code    58  inv_mpu_dmp_motion_driver.o(i.dmp_enable_lp_quat)
    dmp_load_motion_driver_firmware          0x080065f1   Thumb Code    16  inv_mpu_dmp_motion_driver.o(i.dmp_load_motion_driver_firmware)
    dmp_read_fifo                            0x08006605   Thumb Code   352  inv_mpu_dmp_motion_driver.o(i.dmp_read_fifo)
    dmp_set_accel_bias                       0x08006769   Thumb Code   210  inv_mpu_dmp_motion_driver.o(i.dmp_set_accel_bias)
    dmp_set_fifo_rate                        0x08006841   Thumb Code    82  inv_mpu_dmp_motion_driver.o(i.dmp_set_fifo_rate)
    dmp_set_gyro_bias                        0x080068a5   Thumb Code   196  inv_mpu_dmp_motion_driver.o(i.dmp_set_gyro_bias)
    dmp_set_orientation                      0x08006971   Thumb Code   246  inv_mpu_dmp_motion_driver.o(i.dmp_set_orientation)
    dmp_set_shake_reject_thresh              0x08006a7d   Thumb Code    48  inv_mpu_dmp_motion_driver.o(i.dmp_set_shake_reject_thresh)
    dmp_set_shake_reject_time                0x08006aad   Thumb Code    32  inv_mpu_dmp_motion_driver.o(i.dmp_set_shake_reject_time)
    dmp_set_shake_reject_timeout             0x08006acd   Thumb Code    32  inv_mpu_dmp_motion_driver.o(i.dmp_set_shake_reject_timeout)
    dmp_set_tap_axes                         0x08006aed   Thumb Code    64  inv_mpu_dmp_motion_driver.o(i.dmp_set_tap_axes)
    dmp_set_tap_count                        0x08006b2d   Thumb Code    34  inv_mpu_dmp_motion_driver.o(i.dmp_set_tap_count)
    dmp_set_tap_thresh                       0x08006b51   Thumb Code   274  inv_mpu_dmp_motion_driver.o(i.dmp_set_tap_thresh)
    dmp_set_tap_time                         0x08006c79   Thumb Code    32  inv_mpu_dmp_motion_driver.o(i.dmp_set_tap_time)
    dmp_set_tap_time_multi                   0x08006c99   Thumb Code    32  inv_mpu_dmp_motion_driver.o(i.dmp_set_tap_time_multi)
    fputc                                    0x08006cb9   Thumb Code    16  main.o(i.fputc)
    inv_orientation_matrix_to_scalar         0x08007161   Thumb Code    34  inv_mpu.o(i.inv_orientation_matrix_to_scalar)
    inv_row_2_scale                          0x08007183   Thumb Code    72  inv_mpu.o(i.inv_row_2_scale)
    main                                     0x080071cd   Thumb Code   230  main.o(i.main)
    mget_ms                                  0x080072f9   Thumb Code     2  inv_mpu.o(i.mget_ms)
    mpu_configure_fifo                       0x080072fd   Thumb Code    78  inv_mpu.o(i.mpu_configure_fifo)
    mpu_dmp_get_data                         0x08007351   Thumb Code   446  inv_mpu.o(i.mpu_dmp_get_data)
    mpu_dmp_init                             0x08007519   Thumb Code   158  inv_mpu.o(i.mpu_dmp_init)
    mpu_get_accel_fsr                        0x080075bd   Thumb Code    54  inv_mpu.o(i.mpu_get_accel_fsr)
    mpu_get_accel_sens                       0x080075f9   Thumb Code    62  inv_mpu.o(i.mpu_get_accel_sens)
    mpu_get_gyro_fsr                         0x0800763d   Thumb Code    48  inv_mpu.o(i.mpu_get_gyro_fsr)
    mpu_get_gyro_sens                        0x08007671   Thumb Code    44  inv_mpu.o(i.mpu_get_gyro_sens)
    mpu_get_lpf                              0x080076b1   Thumb Code    52  inv_mpu.o(i.mpu_get_lpf)
    mpu_get_sample_rate                      0x080076e9   Thumb Code    22  inv_mpu.o(i.mpu_get_sample_rate)
    mpu_init                                 0x08007705   Thumb Code   310  inv_mpu.o(i.mpu_init)
    mpu_load_firmware                        0x0800788d   Thumb Code   154  inv_mpu.o(i.mpu_load_firmware)
    mpu_lp_accel_mode                        0x0800792d   Thumb Code   178  inv_mpu.o(i.mpu_lp_accel_mode)
    mpu_read_fifo_stream                     0x080079e5   Thumb Code   140  inv_mpu.o(i.mpu_read_fifo_stream)
    mpu_read_mem                             0x08007a75   Thumb Code    80  inv_mpu.o(i.mpu_read_mem)
    mpu_reset_fifo                           0x08007ac9   Thumb Code   346  inv_mpu.o(i.mpu_reset_fifo)
    mpu_run_self_test                        0x08007c29   Thumb Code   234  inv_mpu.o(i.mpu_run_self_test)
    mpu_set_accel_fsr                        0x08007d19   Thumb Code    98  inv_mpu.o(i.mpu_set_accel_fsr)
    mpu_set_bypass                           0x08007d81   Thumb Code   214  inv_mpu.o(i.mpu_set_bypass)
    mpu_set_dmp_state                        0x08007e5d   Thumb Code   114  inv_mpu.o(i.mpu_set_dmp_state)
    mpu_set_gyro_fsr                         0x08007ed5   Thumb Code   104  inv_mpu.o(i.mpu_set_gyro_fsr)
    mpu_set_int_latched                      0x08007f41   Thumb Code    94  inv_mpu.o(i.mpu_set_int_latched)
    mpu_set_lpf                              0x08007fa5   Thumb Code   102  inv_mpu.o(i.mpu_set_lpf)
    mpu_set_sample_rate                      0x08008011   Thumb Code   124  inv_mpu.o(i.mpu_set_sample_rate)
    mpu_set_sensors                          0x08008091   Thumb Code   178  inv_mpu.o(i.mpu_set_sensors)
    mpu_write_mem                            0x08008149   Thumb Code    80  inv_mpu.o(i.mpu_write_mem)
    myData_Init                              0x0800819d   Thumb Code    36  my_usart.o(i.myData_Init)
    myData_Process                           0x080081c1   Thumb Code     8  my_usart.o(i.myData_Process)
    oled_pow                                 0x080081cd   Thumb Code    16  oled.o(i.oled_pow)
    osDelay                                  0x080081dd   Thumb Code    14  cmsis_os.o(i.osDelay)
    osKernelStart                            0x080081eb   Thumb Code    10  cmsis_os.o(i.osKernelStart)
    osThreadCreate                           0x080081f5   Thumb Code    84  cmsis_os.o(i.osThreadCreate)
    pvPortMalloc                             0x0800858d   Thumb Code   210  heap_4.o(i.pvPortMalloc)
    pxPortInitialiseStack                    0x08008665   Thumb Code    32  port.o(i.pxPortInitialiseStack)
    rc_smooth                                0x08008689   Thumb Code   150  contrl.o(i.rc_smooth)
    run_self_test                            0x0800872d   Thumb Code   118  inv_mpu.o(i.run_self_test)
    sin                                      0x080087fd   Thumb Code   150  sin.o(i.sin)
    sqrt                                     0x0800889d   Thumb Code    76  sqrt.o(i.sqrt)
    uxListRemove                             0x080088e9   Thumb Code    38  list.o(i.uxListRemove)
    vApplicationGetIdleTaskMemory            0x08008911   Thumb Code    16  freertos.o(i.vApplicationGetIdleTaskMemory)
    vListInitialise                          0x08008925   Thumb Code    22  list.o(i.vListInitialise)
    vListInitialiseItem                      0x0800893b   Thumb Code     6  list.o(i.vListInitialiseItem)
    vListInsert                              0x08008941   Thumb Code    48  list.o(i.vListInsert)
    vListInsertEnd                           0x08008971   Thumb Code    24  list.o(i.vListInsertEnd)
    vPortEnterCritical                       0x08008989   Thumb Code    54  port.o(i.vPortEnterCritical)
    vPortExitCritical                        0x080089c9   Thumb Code    34  port.o(i.vPortExitCritical)
    vPortFree                                0x080089f1   Thumb Code    88  heap_4.o(i.vPortFree)
    vPortSetupTimerInterrupt                 0x08008a4d   Thumb Code    32  port.o(i.vPortSetupTimerInterrupt)
    vTaskDelay                               0x08008a71   Thumb Code    66  tasks.o(i.vTaskDelay)
    vTaskStartScheduler                      0x08008abd   Thumb Code    90  tasks.o(i.vTaskStartScheduler)
    vTaskSuspendAll                          0x08008b29   Thumb Code    10  tasks.o(i.vTaskSuspendAll)
    vTaskSwitchContext                       0x08008b39   Thumb Code    82  tasks.o(i.vTaskSwitchContext)
    xPortStartScheduler                      0x08008b95   Thumb Code   154  port.o(i.xPortStartScheduler)
    xTaskCreate                              0x08008c3d   Thumb Code    90  tasks.o(i.xTaskCreate)
    xTaskCreateStatic                        0x08008c97   Thumb Code    86  tasks.o(i.xTaskCreateStatic)
    xTaskIncrementTick                       0x08008ced   Thumb Code   192  tasks.o(i.xTaskIncrementTick)
    xTaskResumeAll                           0x08008db5   Thumb Code   182  tasks.o(i.xTaskResumeAll)
    AHBPrescTable                            0x08008ee8   Data          16  system_stm32f1xx.o(.constdata)
    APBPrescTable                            0x08008ef8   Data           8  system_stm32f1xx.o(.constdata)
    F6x8                                     0x08008f00   Data         552  oled.o(.constdata)
    F8X16                                    0x08009128   Data        1520  oled.o(.constdata)
    reg                                      0x08009718   Data          27  inv_mpu.o(.constdata)
    hw                                       0x08009734   Data          12  inv_mpu.o(.constdata)
    test                                     0x08009740   Data          40  inv_mpu.o(.constdata)
    __mathlib_zero                           0x0800a4c8   Data           8  qnan.o(.constdata)
    Region$$Table$$Base                      0x0800a644   Number         0  anon$$obj.o(Region$$Table)
    Region$$Table$$Limit                     0x0800a664   Number         0  anon$$obj.o(Region$$Table)
    Task200hzHandle                          0x20000000   Data           4  freertos.o(.data)
    Task100hzHandle                          0x20000004   Data           4  freertos.o(.data)
    Task10hzHandle                           0x20000008   Data           4  freertos.o(.data)
    Task_interactioHandle                    0x2000000c   Data           4  freertos.o(.data)
    SystemCoreClock                          0x20000010   Data           4  system_stm32f1xx.o(.data)
    Motor1                                   0x20000014   Data           4  car_task.o(.data)
    Motor2                                   0x20000018   Data           4  car_task.o(.data)
    Motor3                                   0x2000001c   Data           4  car_task.o(.data)
    Motor4                                   0x20000020   Data           4  car_task.o(.data)
    taget_yaw                                0x20000024   Data           4  car_task.o(.data)
    s1                                       0x20000028   Data           4  car_task.o(.data)
    s2                                       0x2000002c   Data           4  car_task.o(.data)
    s3                                       0x20000030   Data           4  car_task.o(.data)
    s4                                       0x20000034   Data           4  car_task.o(.data)
    s1_raw                                   0x20000038   Data           4  car_task.o(.data)
    s2_raw                                   0x2000003c   Data           4  car_task.o(.data)
    s3_raw                                   0x20000040   Data           4  car_task.o(.data)
    s4_raw                                   0x20000044   Data           4  car_task.o(.data)
    gama                                     0x20000048   Data           4  car_task.o(.data)
    x                                        0x2000004c   Data           4  car_task.o(.data)
    y                                        0x20000050   Data           4  car_task.o(.data)
    rx_cnt                                   0x20000054   Data           4  car_task.o(.data)
    rxloss_flag                              0x20000058   Data           4  car_task.o(.data)
    avoidance_flag                           0x2000005c   Data           4  car_task.o(.data)
    off_flag                                 0x20000060   Data           4  car_task.o(.data)
    ex_dis                                   0x20000064   Data           4  car_task.o(.data)
    distrack_Kp                              0x20000068   Data           4  car_task.o(.data)
    cnt                                      0x2000006c   Data           4  car_task.o(.data)
    Turn_Pwm                                 0x20000070   Data           4  car_task.o(.data)
    alpha                                    0x20000074   Data           4  car_task.o(.data)
    beta                                     0x20000078   Data           4  car_task.o(.data)
    bat_value                                0x2000007c   Data           4  car_task.o(.data)
    FS_state                                 0x20000080   Data           1  contrl.o(.data)
    Dead_Zone                                0x20000084   Data           4  contrl.o(.data)
    step                                     0x20000088   Data           4  contrl.o(.data)
    zone                                     0x2000008c   Data           4  contrl.o(.data)
    PID                                      0x20000090   Data          24  contrl.o(.data)
    capture_Cnt                              0x200000b8   Data           1  echo.o(.data)
    high_time                                0x200000bc   Data           4  echo.o(.data)
    dis                                      0x200000c0   Data           4  echo.o(.data)
    capture_Buf                              0x200000c4   Data           8  echo.o(.data)
    la                                       0x200000cc   Data           4  tracemodule.o(.data)
    lb                                       0x200000d0   Data           4  tracemodule.o(.data)
    ra                                       0x200000d4   Data           4  tracemodule.o(.data)
    rb                                       0x200000d8   Data           4  tracemodule.o(.data)
    uwTickFreq                               0x20000114   Data           1  stm32f1xx_hal.o(.data)
    uwTickPrio                               0x20000118   Data           4  stm32f1xx_hal.o(.data)
    uwTick                                   0x2000011c   Data           4  stm32f1xx_hal.o(.data)
    pxCurrentTCB                             0x20000120   Data           4  tasks.o(.data)
    __stdout                                 0x20000180   Data           4  stdout.o(.data)
    hadc1                                    0x200003dc   Data          48  adc.o(.bss)
    hdma_adc1                                0x2000040c   Data          68  adc.o(.bss)
    htim2                                    0x20000450   Data          72  tim.o(.bss)
    htim3                                    0x20000498   Data          72  tim.o(.bss)
    htim4                                    0x200004e0   Data          72  tim.o(.bss)
    huart1                                   0x20000528   Data          68  usart.o(.bss)
    huart3                                   0x2000056c   Data          68  usart.o(.bss)
    hdma_usart1_rx                           0x200005b0   Data          68  usart.o(.bss)
    hdma_usart1_tx                           0x200005f4   Data          68  usart.o(.bss)
    hdma_usart3_rx                           0x20000638   Data          68  usart.o(.bss)
    hdma_usart3_tx                           0x2000067c   Data          68  usart.o(.bss)
    htim1                                    0x200006c0   Data          72  stm32f1xx_hal_timebase_tim.o(.bss)
    outMpu                                   0x20000708   Data          24  car_task.o(.bss)
    BT_Data                                  0x20000740   Data         120  my_usart.o(.bss)
    myData                                   0x200007b8   Data          44  my_usart.o(.bss)
    __initial_sp                             0x200018e8   Data           0  startup_stm32f103xb.o(STACK)



==============================================================================

Memory Map of the image

  Image Entry point : 0x080000ed

  Load Region LR_IROM1 (Base: 0x08000000, Size: 0x0000a7ec, Max: 0x00010000, ABSOLUTE, COMPRESSED[0x0000a6c4])

    Execution Region ER_IROM1 (Exec base: 0x08000000, Load base: 0x08000000, Size: 0x0000a664, Max: 0x00010000, ABSOLUTE)

    Exec Addr    Load Addr    Size         Type   Attr      Idx    E Section Name        Object

    0x08000000   0x08000000   0x000000ec   Data   RO            3    RESET               startup_stm32f103xb.o
    0x080000ec   0x080000ec   0x00000000   Code   RO         6202  * .ARM.Collect$$$$00000000  mc_w.l(entry.o)
    0x080000ec   0x080000ec   0x00000004   Code   RO         6543    .ARM.Collect$$$$00000001  mc_w.l(entry2.o)
    0x080000f0   0x080000f0   0x00000004   Code   RO         6546    .ARM.Collect$$$$00000004  mc_w.l(entry5.o)
    0x080000f4   0x080000f4   0x00000000   Code   RO         6548    .ARM.Collect$$$$00000008  mc_w.l(entry7b.o)
    0x080000f4   0x080000f4   0x00000000   Code   RO         6550    .ARM.Collect$$$$0000000A  mc_w.l(entry8b.o)
    0x080000f4   0x080000f4   0x00000008   Code   RO         6551    .ARM.Collect$$$$0000000B  mc_w.l(entry9a.o)
    0x080000fc   0x080000fc   0x00000004   Code   RO         6558    .ARM.Collect$$$$0000000E  mc_w.l(entry12b.o)
    0x08000100   0x08000100   0x00000000   Code   RO         6553    .ARM.Collect$$$$0000000F  mc_w.l(entry10a.o)
    0x08000100   0x08000100   0x00000000   Code   RO         6555    .ARM.Collect$$$$00000011  mc_w.l(entry11a.o)
    0x08000100   0x08000100   0x00000004   Code   RO         6544    .ARM.Collect$$$$00002712  mc_w.l(entry2.o)
    0x08000104   0x08000104   0x00000096   Code   RO         6071    .emb_text           port.o
    0x0800019a   0x0800019a   0x00000002   PAD
    0x0800019c   0x0800019c   0x00000024   Code   RO            4    .text               startup_stm32f103xb.o
    0x080001c0   0x080001c0   0x00000062   Code   RO         6205    .text               mc_w.l(ldiv.o)
    0x08000222   0x08000222   0x00000020   Code   RO         6207    .text               mc_w.l(llushr.o)
    0x08000242   0x08000242   0x00000024   Code   RO         6209    .text               mc_w.l(memcpya.o)
    0x08000266   0x08000266   0x00000024   Code   RO         6213    .text               mc_w.l(memseta.o)
    0x0800028a   0x0800028a   0x0000001a   Code   RO         6215    .text               mc_w.l(memcmp.o)
    0x080002a4   0x080002a4   0x000000b0   Code   RO         6480    .text               mf_w.l(fadd.o)
    0x08000354   0x08000354   0x00000064   Code   RO         6482    .text               mf_w.l(fmul.o)
    0x080003b8   0x080003b8   0x0000007c   Code   RO         6484    .text               mf_w.l(fdiv.o)
    0x08000434   0x08000434   0x00000018   Code   RO         6486    .text               mf_w.l(fscalb.o)
    0x0800044c   0x0800044c   0x0000014e   Code   RO         6488    .text               mf_w.l(dadd.o)
    0x0800059a   0x0800059a   0x000000e4   Code   RO         6490    .text               mf_w.l(dmul.o)
    0x0800067e   0x0800067e   0x000000de   Code   RO         6492    .text               mf_w.l(ddiv.o)
    0x0800075c   0x0800075c   0x00000012   Code   RO         6494    .text               mf_w.l(fflti.o)
    0x0800076e   0x0800076e   0x0000000a   Code   RO         6496    .text               mf_w.l(ffltui.o)
    0x08000778   0x08000778   0x00000022   Code   RO         6498    .text               mf_w.l(dflti.o)
    0x0800079a   0x0800079a   0x00000032   Code   RO         6500    .text               mf_w.l(ffixi.o)
    0x080007cc   0x080007cc   0x00000028   Code   RO         6502    .text               mf_w.l(ffixui.o)
    0x080007f4   0x080007f4   0x0000003e   Code   RO         6504    .text               mf_w.l(dfixi.o)
    0x08000832   0x08000832   0x00000026   Code   RO         6506    .text               mf_w.l(f2d.o)
    0x08000858   0x08000858   0x00000038   Code   RO         6508    .text               mf_w.l(d2f.o)
    0x08000890   0x08000890   0x0000002c   Code   RO         6560    .text               mc_w.l(uidiv.o)
    0x080008bc   0x080008bc   0x00000062   Code   RO         6562    .text               mc_w.l(uldiv.o)
    0x0800091e   0x0800091e   0x0000001e   Code   RO         6564    .text               mc_w.l(llshl.o)
    0x0800093c   0x0800093c   0x00000024   Code   RO         6566    .text               mc_w.l(llsshr.o)
    0x08000960   0x08000960   0x00000000   Code   RO         6575    .text               mc_w.l(iusefp.o)
    0x08000960   0x08000960   0x0000006e   Code   RO         6576    .text               mf_w.l(fepilogue.o)
    0x080009ce   0x080009ce   0x000000ba   Code   RO         6578    .text               mf_w.l(depilogue.o)
    0x08000a88   0x08000a88   0x0000002e   Code   RO         6580    .text               mf_w.l(dscalb.o)
    0x08000ab6   0x08000ab6   0x000000a2   Code   RO         6582    .text               mf_w.l(dsqrt.o)
    0x08000b58   0x08000b58   0x00000030   Code   RO         6584    .text               mf_w.l(dfixul.o)
    0x08000b88   0x08000b88   0x00000030   Code   RO         6586    .text               mf_w.l(cdcmple.o)
    0x08000bb8   0x08000bb8   0x00000030   Code   RO         6588    .text               mf_w.l(cdrcmple.o)
    0x08000be8   0x08000be8   0x00000024   Code   RO         6590    .text               mc_w.l(init.o)
    0x08000c0c   0x08000c0c   0x0000001a   Code   RO         6592    .text               mf_w.l(dfltui.o)
    0x08000c26   0x08000c26   0x00000056   Code   RO         6602    .text               mc_w.l(__dczerorl2.o)
    0x08000c7c   0x08000c7c   0x00000056   Code   RO         2272    i.ADC_ConversionStop_Disable  stm32f1xx_hal_adc.o
    0x08000cd2   0x08000cd2   0x00000002   PAD
    0x08000cd4   0x08000cd4   0x0000007c   Code   RO         2276    i.ADC_Enable        stm32f1xx_hal_adc.o
    0x08000d50   0x08000d50   0x000000c4   Code   RO         1292    i.BTData_Process    my_usart.o
    0x08000e14   0x08000e14   0x00000002   Code   RO          763    i.BusFault_Handler  stm32f1xx_it.o
    0x08000e16   0x08000e16   0x00000002   PAD
    0x08000e18   0x08000e18   0x000003b8   Code   RO          982    i.Car_Task_100HZ    car_task.o
    0x080011d0   0x080011d0   0x000001cc   Code   RO          983    i.Car_Task_10HZ     car_task.o
    0x0800139c   0x0800139c   0x00000024   Code   RO          984    i.Car_Task_200HZ    car_task.o
    0x080013c0   0x080013c0   0x000001dc   Code   RO          985    i.Car_Task_Interaction  car_task.o
    0x0800159c   0x0800159c   0x00000084   Code   RO          986    i.Car_Task_Interaction_begin  car_task.o
    0x08001620   0x08001620   0x0000000c   Code   RO          764    i.DMA1_Channel1_IRQHandler  stm32f1xx_it.o
    0x0800162c   0x0800162c   0x0000000c   Code   RO          765    i.DMA1_Channel2_IRQHandler  stm32f1xx_it.o
    0x08001638   0x08001638   0x0000000c   Code   RO          766    i.DMA1_Channel3_IRQHandler  stm32f1xx_it.o
    0x08001644   0x08001644   0x0000000c   Code   RO          767    i.DMA1_Channel4_IRQHandler  stm32f1xx_it.o
    0x08001650   0x08001650   0x0000000c   Code   RO          768    i.DMA1_Channel5_IRQHandler  stm32f1xx_it.o
    0x0800165c   0x0800165c   0x0000002a   Code   RO         2926    i.DMA_SetConfig     stm32f1xx_hal_dma.o
    0x08001686   0x08001686   0x00000002   Code   RO          769    i.DebugMon_Handler  stm32f1xx_it.o
    0x08001688   0x08001688   0x00000008   Code   RO          770    i.EXTI9_5_IRQHandler  stm32f1xx_it.o
    0x08001690   0x08001690   0x00000002   Code   RO           13    i.Error_Handler     main.o
    0x08001692   0x08001692   0x00000004   Code   RO         1618    i.Get_sys_time_ms   sys_time.o
    0x08001696   0x08001696   0x00000002   PAD
    0x08001698   0x08001698   0x0000000c   Code   RO         1619    i.Get_sys_time_only_us  sys_time.o
    0x080016a4   0x080016a4   0x0000001c   Code   RO         1620    i.Get_sys_time_us   sys_time.o
    0x080016c0   0x080016c0   0x0000003c   Code   RO         1561    i.Getdistance       echo.o
    0x080016fc   0x080016fc   0x00000070   Code   RO         1657    i.GettraceModule    tracemodule.o
    0x0800176c   0x0800176c   0x000000fc   Code   RO         2278    i.HAL_ADC_ConfigChannel  stm32f1xx_hal_adc.o
    0x08001868   0x08001868   0x00000006   Code   RO         2285    i.HAL_ADC_GetValue  stm32f1xx_hal_adc.o
    0x0800186e   0x0800186e   0x00000002   PAD
    0x08001870   0x08001870   0x0000011c   Code   RO         2287    i.HAL_ADC_Init      stm32f1xx_hal_adc.o
    0x0800198c   0x0800198c   0x0000008c   Code   RO          503    i.HAL_ADC_MspInit   adc.o
    0x08001a18   0x08001a18   0x0000013c   Code   RO         2291    i.HAL_ADC_PollForConversion  stm32f1xx_hal_adc.o
    0x08001b54   0x08001b54   0x000000c0   Code   RO         2293    i.HAL_ADC_Start     stm32f1xx_hal_adc.o
    0x08001c14   0x08001c14   0x00000046   Code   RO         2927    i.HAL_DMA_Abort     stm32f1xx_hal_dma.o
    0x08001c5a   0x08001c5a   0x00000002   PAD
    0x08001c5c   0x08001c5c   0x00000098   Code   RO         2928    i.HAL_DMA_Abort_IT  stm32f1xx_hal_dma.o
    0x08001cf4   0x08001cf4   0x00000154   Code   RO         2932    i.HAL_DMA_IRQHandler  stm32f1xx_hal_dma.o
    0x08001e48   0x08001e48   0x0000005c   Code   RO         2933    i.HAL_DMA_Init      stm32f1xx_hal_dma.o
    0x08001ea4   0x08001ea4   0x00000070   Code   RO         2937    i.HAL_DMA_Start_IT  stm32f1xx_hal_dma.o
    0x08001f14   0x08001f14   0x00000024   Code   RO         2555    i.HAL_Delay         stm32f1xx_hal.o
    0x08001f38   0x08001f38   0x000000e0   Code   RO         1562    i.HAL_GPIO_EXTI_Callback  echo.o
    0x08002018   0x08002018   0x00000018   Code   RO         2862    i.HAL_GPIO_EXTI_IRQHandler  stm32f1xx_hal_gpio.o
    0x08002030   0x08002030   0x000001e0   Code   RO         2863    i.HAL_GPIO_Init     stm32f1xx_hal_gpio.o
    0x08002210   0x08002210   0x0000000a   Code   RO         2865    i.HAL_GPIO_ReadPin  stm32f1xx_hal_gpio.o
    0x0800221a   0x0800221a   0x00000010   Code   RO         2866    i.HAL_GPIO_TogglePin  stm32f1xx_hal_gpio.o
    0x0800222a   0x0800222a   0x0000000a   Code   RO         2867    i.HAL_GPIO_WritePin  stm32f1xx_hal_gpio.o
    0x08002234   0x08002234   0x0000000c   Code   RO         2559    i.HAL_GetTick       stm32f1xx_hal.o
    0x08002240   0x08002240   0x00000010   Code   RO         2565    i.HAL_IncTick       stm32f1xx_hal.o
    0x08002250   0x08002250   0x00000024   Code   RO         2566    i.HAL_Init          stm32f1xx_hal.o
    0x08002274   0x08002274   0x0000008c   Code   RO          905    i.HAL_InitTick      stm32f1xx_hal_timebase_tim.o
    0x08002300   0x08002300   0x00000048   Code   RO          881    i.HAL_MspInit       stm32f1xx_hal_msp.o
    0x08002348   0x08002348   0x0000001a   Code   RO         3023    i.HAL_NVIC_EnableIRQ  stm32f1xx_hal_cortex.o
    0x08002362   0x08002362   0x00000002   PAD
    0x08002364   0x08002364   0x00000040   Code   RO         3029    i.HAL_NVIC_SetPriority  stm32f1xx_hal_cortex.o
    0x080023a4   0x080023a4   0x00000024   Code   RO         3030    i.HAL_NVIC_SetPriorityGrouping  stm32f1xx_hal_cortex.o
    0x080023c8   0x080023c8   0x000000c8   Code   RO         2825    i.HAL_RCCEx_GetPeriphCLKFreq  stm32f1xx_hal_rcc_ex.o
    0x08002490   0x08002490   0x000000ec   Code   RO         2826    i.HAL_RCCEx_PeriphCLKConfig  stm32f1xx_hal_rcc_ex.o
    0x0800257c   0x0800257c   0x0000012c   Code   RO         2723    i.HAL_RCC_ClockConfig  stm32f1xx_hal_rcc.o
    0x080026a8   0x080026a8   0x00000040   Code   RO         2727    i.HAL_RCC_GetClockConfig  stm32f1xx_hal_rcc.o
    0x080026e8   0x080026e8   0x00000020   Code   RO         2730    i.HAL_RCC_GetPCLK1Freq  stm32f1xx_hal_rcc.o
    0x08002708   0x08002708   0x00000020   Code   RO         2731    i.HAL_RCC_GetPCLK2Freq  stm32f1xx_hal_rcc.o
    0x08002728   0x08002728   0x0000006c   Code   RO         2732    i.HAL_RCC_GetSysClockFreq  stm32f1xx_hal_rcc.o
    0x08002794   0x08002794   0x00000320   Code   RO         2735    i.HAL_RCC_OscConfig  stm32f1xx_hal_rcc.o
    0x08002ab4   0x08002ab4   0x00000002   Code   RO         4229    i.HAL_TIMEx_BreakCallback  stm32f1xx_hal_tim_ex.o
    0x08002ab6   0x08002ab6   0x00000002   Code   RO         4230    i.HAL_TIMEx_CommutCallback  stm32f1xx_hal_tim_ex.o
    0x08002ab8   0x08002ab8   0x00000068   Code   RO         4248    i.HAL_TIMEx_MasterConfigSynchronization  stm32f1xx_hal_tim_ex.o
    0x08002b20   0x08002b20   0x0000005a   Code   RO         3525    i.HAL_TIM_Base_Init  stm32f1xx_hal_tim.o
    0x08002b7a   0x08002b7a   0x00000002   Code   RO         3527    i.HAL_TIM_Base_MspInit  stm32f1xx_hal_tim.o
    0x08002b7c   0x08002b7c   0x00000058   Code   RO         3530    i.HAL_TIM_Base_Start_IT  stm32f1xx_hal_tim.o
    0x08002bd4   0x08002bd4   0x00000002   Code   RO         3559    i.HAL_TIM_IC_CaptureCallback  stm32f1xx_hal_tim.o
    0x08002bd6   0x08002bd6   0x00000166   Code   RO         3573    i.HAL_TIM_IRQHandler  stm32f1xx_hal_tim.o
    0x08002d3c   0x08002d3c   0x000000b8   Code   RO          655    i.HAL_TIM_MspPostInit  tim.o
    0x08002df4   0x08002df4   0x00000002   Code   RO         3576    i.HAL_TIM_OC_DelayElapsedCallback  stm32f1xx_hal_tim.o
    0x08002df6   0x08002df6   0x000000c6   Code   RO         3597    i.HAL_TIM_PWM_ConfigChannel  stm32f1xx_hal_tim.o
    0x08002ebc   0x08002ebc   0x0000005a   Code   RO         3600    i.HAL_TIM_PWM_Init  stm32f1xx_hal_tim.o
    0x08002f16   0x08002f16   0x00000002   PAD
    0x08002f18   0x08002f18   0x0000006c   Code   RO          657    i.HAL_TIM_PWM_MspInit  tim.o
    0x08002f84   0x08002f84   0x00000002   Code   RO         3603    i.HAL_TIM_PWM_PulseFinishedCallback  stm32f1xx_hal_tim.o
    0x08002f86   0x08002f86   0x00000002   PAD
    0x08002f88   0x08002f88   0x0000009c   Code   RO         3605    i.HAL_TIM_PWM_Start  stm32f1xx_hal_tim.o
    0x08003024   0x08003024   0x00000014   Code   RO           14    i.HAL_TIM_PeriodElapsedCallback  main.o
    0x08003038   0x08003038   0x00000002   Code   RO         3616    i.HAL_TIM_TriggerCallback  stm32f1xx_hal_tim.o
    0x0800303a   0x0800303a   0x00000002   Code   RO         4507    i.HAL_UARTEx_RxEventCallback  stm32f1xx_hal_uart.o
    0x0800303c   0x0800303c   0x00000058   Code   RO         4519    i.HAL_UART_DMAStop  stm32f1xx_hal_uart.o
    0x08003094   0x08003094   0x00000002   Code   RO         4521    i.HAL_UART_ErrorCallback  stm32f1xx_hal_uart.o
    0x08003096   0x08003096   0x00000002   PAD
    0x08003098   0x08003098   0x0000020c   Code   RO         4524    i.HAL_UART_IRQHandler  stm32f1xx_hal_uart.o
    0x080032a4   0x080032a4   0x00000062   Code   RO         4525    i.HAL_UART_Init     stm32f1xx_hal_uart.o
    0x08003306   0x08003306   0x00000002   PAD
    0x08003308   0x08003308   0x00000194   Code   RO          716    i.HAL_UART_MspInit  usart.o
    0x0800349c   0x0800349c   0x0000002a   Code   RO         4529    i.HAL_UART_Receive_DMA  stm32f1xx_hal_uart.o
    0x080034c6   0x080034c6   0x00000002   Code   RO         4531    i.HAL_UART_RxCpltCallback  stm32f1xx_hal_uart.o
    0x080034c8   0x080034c8   0x00000002   Code   RO         4532    i.HAL_UART_RxHalfCpltCallback  stm32f1xx_hal_uart.o
    0x080034ca   0x080034ca   0x00000002   Code   RO         4536    i.HAL_UART_TxCpltCallback  stm32f1xx_hal_uart.o
    0x080034cc   0x080034cc   0x00000002   Code   RO          771    i.HardFault_Handler  stm32f1xx_it.o
    0x080034ce   0x080034ce   0x00000002   PAD
    0x080034d0   0x080034d0   0x00000048   Code   RO         1212    i.IIC_Ack           iic.o
    0x08003518   0x08003518   0x0000000c   Code   RO         1214    i.IIC_Delay         iic.o
    0x08003524   0x08003524   0x0000003c   Code   RO         1215    i.IIC_GPIO_Init     iic.o
    0x08003560   0x08003560   0x00000038   Code   RO         1216    i.IIC_NAck          iic.o
    0x08003598   0x08003598   0x00000064   Code   RO         1217    i.IIC_Read_Byte     iic.o
    0x080035fc   0x080035fc   0x00000068   Code   RO         1218    i.IIC_Send_Byte     iic.o
    0x08003664   0x08003664   0x00000044   Code   RO         1219    i.IIC_Start         iic.o
    0x080036a8   0x080036a8   0x00000034   Code   RO         1220    i.IIC_Stop          iic.o
    0x080036dc   0x080036dc   0x0000004c   Code   RO         1221    i.IIC_Wait_Ack      iic.o
    0x08003728   0x08003728   0x0000006c   Code   RO         1477    i.MPU_Read_Len      mpu6050.o
    0x08003794   0x08003794   0x00000052   Code   RO         1483    i.MPU_Write_Len     mpu6050.o
    0x080037e6   0x080037e6   0x00000002   PAD
    0x080037e8   0x080037e8   0x00000050   Code   RO          504    i.MX_ADC1_Init      adc.o
    0x08003838   0x08003838   0x0000006c   Code   RO          631    i.MX_DMA_Init       dma.o
    0x080038a4   0x080038a4   0x00000068   Code   RO          275    i.MX_FREERTOS_Init  freertos.o
    0x0800390c   0x0800390c   0x00000120   Code   RO          251    i.MX_GPIO_Init      gpio.o
    0x08003a2c   0x08003a2c   0x0000009c   Code   RO          658    i.MX_TIM2_Init      tim.o
    0x08003ac8   0x08003ac8   0x000000a0   Code   RO          659    i.MX_TIM3_Init      tim.o
    0x08003b68   0x08003b68   0x000000a0   Code   RO          660    i.MX_TIM4_Init      tim.o
    0x08003c08   0x08003c08   0x00000038   Code   RO          717    i.MX_USART1_UART_Init  usart.o
    0x08003c40   0x08003c40   0x00000038   Code   RO          718    i.MX_USART3_UART_Init  usart.o
    0x08003c78   0x08003c78   0x00000002   Code   RO          772    i.MemManage_Handler  stm32f1xx_it.o
    0x08003c7a   0x08003c7a   0x00000002   Code   RO          773    i.NMI_Handler       stm32f1xx_it.o
    0x08003c7c   0x08003c7c   0x00000006   Code   RO         1343    i.OLED_CLS          oled.o
    0x08003c82   0x08003c82   0x00000002   PAD
    0x08003c84   0x08003c84   0x00000038   Code   RO         1345    i.OLED_Fill         oled.o
    0x08003cbc   0x08003cbc   0x000000b4   Code   RO         1346    i.OLED_Init         oled.o
    0x08003d70   0x08003d70   0x00000026   Code   RO         1349    i.OLED_SetPos       oled.o
    0x08003d96   0x08003d96   0x00000002   PAD
    0x08003d98   0x08003d98   0x00000088   Code   RO         1351    i.OLED_ShowChar     oled.o
    0x08003e20   0x08003e20   0x00000070   Code   RO         1352    i.OLED_ShowFloat    oled.o
    0x08003e90   0x08003e90   0x0000006e   Code   RO         1353    i.OLED_ShowNum      oled.o
    0x08003efe   0x08003efe   0x00000002   PAD
    0x08003f00   0x08003f00   0x000000d8   Code   RO         1354    i.OLED_ShowStr      oled.o
    0x08003fd8   0x08003fd8   0x00000054   Code   RO         1075    i.PWM_Limiting      contrl.o
    0x0800402c   0x0800402c   0x000000e8   Code   RO         1077    i.Set_PWM           contrl.o
    0x08004114   0x08004114   0x00000068   Code   RO         1078    i.Set_Servo         contrl.o
    0x0800417c   0x0800417c   0x00000114   Code   RO          276    i.Start200hzTask    freertos.o
    0x08004290   0x08004290   0x00000010   Code   RO          277    i.StartTask100hz    freertos.o
    0x080042a0   0x080042a0   0x00000010   Code   RO          278    i.StartTask10hz     freertos.o
    0x080042b0   0x080042b0   0x00000024   Code   RO          279    i.Start_interaction  freertos.o
    0x080042d4   0x080042d4   0x0000002c   Code   RO         6072    i.SysTick_Handler   port.o
    0x08004300   0x08004300   0x00000060   Code   RO           15    i.SystemClock_Config  main.o
    0x08004360   0x08004360   0x00000002   Code   RO          945    i.SystemInit        system_stm32f1xx.o
    0x08004362   0x08004362   0x00000002   PAD
    0x08004364   0x08004364   0x0000000c   Code   RO          774    i.TIM1_UP_IRQHandler  stm32f1xx_it.o
    0x08004370   0x08004370   0x0000000c   Code   RO          775    i.TIM4_IRQHandler   stm32f1xx_it.o
    0x0800437c   0x0800437c   0x0000006c   Code   RO         3618    i.TIM_Base_SetConfig  stm32f1xx_hal_tim.o
    0x080043e8   0x080043e8   0x0000001a   Code   RO         3619    i.TIM_CCxChannelCmd  stm32f1xx_hal_tim.o
    0x08004402   0x08004402   0x00000002   PAD
    0x08004404   0x08004404   0x00000050   Code   RO         3631    i.TIM_OC1_SetConfig  stm32f1xx_hal_tim.o
    0x08004454   0x08004454   0x00000058   Code   RO         3632    i.TIM_OC2_SetConfig  stm32f1xx_hal_tim.o
    0x080044ac   0x080044ac   0x00000058   Code   RO         3633    i.TIM_OC3_SetConfig  stm32f1xx_hal_tim.o
    0x08004504   0x08004504   0x00000044   Code   RO         3634    i.TIM_OC4_SetConfig  stm32f1xx_hal_tim.o
    0x08004548   0x08004548   0x00000010   Code   RO         4538    i.UART_DMAAbortOnError  stm32f1xx_hal_uart.o
    0x08004558   0x08004558   0x0000004a   Code   RO         4539    i.UART_DMAError     stm32f1xx_hal_uart.o
    0x080045a2   0x080045a2   0x0000005a   Code   RO         4540    i.UART_DMAReceiveCplt  stm32f1xx_hal_uart.o
    0x080045fc   0x080045fc   0x0000001a   Code   RO         4542    i.UART_DMARxHalfCplt  stm32f1xx_hal_uart.o
    0x08004616   0x08004616   0x00000030   Code   RO         4548    i.UART_EndRxTransfer  stm32f1xx_hal_uart.o
    0x08004646   0x08004646   0x00000012   Code   RO         4549    i.UART_EndTxTransfer  stm32f1xx_hal_uart.o
    0x08004658   0x08004658   0x000000b6   Code   RO         4550    i.UART_Receive_IT   stm32f1xx_hal_uart.o
    0x0800470e   0x0800470e   0x00000002   PAD
    0x08004710   0x08004710   0x000000b8   Code   RO         4551    i.UART_SetConfig    stm32f1xx_hal_uart.o
    0x080047c8   0x080047c8   0x00000070   Code   RO         4552    i.UART_Start_Receive_DMA  stm32f1xx_hal_uart.o
    0x08004838   0x08004838   0x00000060   Code   RO          776    i.USART1_IRQHandler  stm32f1xx_it.o
    0x08004898   0x08004898   0x00000060   Code   RO          777    i.USART3_IRQHandler  stm32f1xx_it.o
    0x080048f8   0x080048f8   0x00000002   Code   RO          778    i.UsageFault_Handler  stm32f1xx_it.o
    0x080048fa   0x080048fa   0x0000003c   Code   RO         1293    i.User_USART_Init   my_usart.o
    0x08004936   0x08004936   0x00000002   PAD
    0x08004938   0x08004938   0x00000060   Code   RO         1080    i.Vertical_turn_PD  contrl.o
    0x08004998   0x08004998   0x00000010   Code   RO         1355    i.WriteCmd          oled.o
    0x080049a8   0x080049a8   0x00000010   Code   RO         1356    i.WriteDat          oled.o
    0x080049b8   0x080049b8   0x00000020   Code   RO         6452    i.__0printf         mc_w.l(printfa.o)
    0x080049d8   0x080049d8   0x00000028   Code   RO         6527    i.__ARM_fpclassify  m_ws.l(fpclassify.o)
    0x08004a00   0x08004a00   0x00000020   Code   RO         3036    i.__NVIC_SetPriority  stm32f1xx_hal_cortex.o
    0x08004a20   0x08004a20   0x00000388   Code   RO         6532    i.__ieee754_rem_pio2  m_ws.l(rred.o)
    0x08004da8   0x08004da8   0x000000fc   Code   RO         6510    i.__kernel_cos      m_ws.l(cos_i.o)
    0x08004ea4   0x08004ea4   0x000000aa   Code   RO         6529    i.__kernel_poly     m_ws.l(poly.o)
    0x08004f4e   0x08004f4e   0x00000002   PAD
    0x08004f50   0x08004f50   0x000000ec   Code   RO         6537    i.__kernel_sin      m_ws.l(sin_i.o)
    0x0800503c   0x0800503c   0x00000006   Code   RO         6514    i.__mathlib_dbl_infnan  m_ws.l(dunder.o)
    0x08005042   0x08005042   0x00000004   Code   RO         6515    i.__mathlib_dbl_infnan2  m_ws.l(dunder.o)
    0x08005046   0x08005046   0x0000000c   Code   RO         6516    i.__mathlib_dbl_invalid  m_ws.l(dunder.o)
    0x08005052   0x08005052   0x00000002   PAD
    0x08005054   0x08005054   0x00000010   Code   RO         6519    i.__mathlib_dbl_underflow  m_ws.l(dunder.o)
    0x08005064   0x08005064   0x0000000e   Code   RO         6596    i.__scatterload_copy  mc_w.l(handlers.o)
    0x08005072   0x08005072   0x00000002   Code   RO         6597    i.__scatterload_null  mc_w.l(handlers.o)
    0x08005074   0x08005074   0x0000000e   Code   RO         6598    i.__scatterload_zeroinit  mc_w.l(handlers.o)
    0x08005082   0x08005082   0x00000002   PAD
    0x08005084   0x08005084   0x0000000c   Code   RO         6570    i.__set_errno       mc_w.l(errno.o)
    0x08005090   0x08005090   0x00000184   Code   RO         6459    i._fp_digits        mc_w.l(printfa.o)
    0x08005214   0x08005214   0x000006b4   Code   RO         6460    i._printf_core      mc_w.l(printfa.o)
    0x080058c8   0x080058c8   0x00000024   Code   RO         6461    i._printf_post_padding  mc_w.l(printfa.o)
    0x080058ec   0x080058ec   0x0000002e   Code   RO         6462    i._printf_pre_padding  mc_w.l(printfa.o)
    0x0800591a   0x0800591a   0x00000002   PAD
    0x0800591c   0x0800591c   0x00000080   Code   RO         1687    i.accel_self_test   inv_mpu.o
    0x0800599c   0x0800599c   0x0000027c   Code   RO         6149    i.acos              m_ws.l(acos.o)
    0x08005c18   0x08005c18   0x00000120   Code   RO         1081    i.arm_calculating   contrl.o
    0x08005d38   0x08005d38   0x00000270   Code   RO         6159    i.asin              m_ws.l(asin.o)
    0x08005fa8   0x08005fa8   0x00000220   Code   RO         6169    i.atan              m_ws.l(atan.o)
    0x080061c8   0x080061c8   0x0000019c   Code   RO         6179    i.atan2             m_ws.l(atan2.o)
    0x08006364   0x08006364   0x0000003a   Code   RO         2051    i.dmp_enable_6x_lp_quat  inv_mpu_dmp_motion_driver.o
    0x0800639e   0x0800639e   0x00000002   PAD
    0x080063a0   0x080063a0   0x000001d8   Code   RO         2052    i.dmp_enable_feature  inv_mpu_dmp_motion_driver.o
    0x08006578   0x08006578   0x0000003c   Code   RO         2053    i.dmp_enable_gyro_cal  inv_mpu_dmp_motion_driver.o
    0x080065b4   0x080065b4   0x0000003a   Code   RO         2054    i.dmp_enable_lp_quat  inv_mpu_dmp_motion_driver.o
    0x080065ee   0x080065ee   0x00000002   PAD
    0x080065f0   0x080065f0   0x00000014   Code   RO         2059    i.dmp_load_motion_driver_firmware  inv_mpu_dmp_motion_driver.o
    0x08006604   0x08006604   0x00000164   Code   RO         2060    i.dmp_read_fifo     inv_mpu_dmp_motion_driver.o
    0x08006768   0x08006768   0x000000d8   Code   RO         2063    i.dmp_set_accel_bias  inv_mpu_dmp_motion_driver.o
    0x08006840   0x08006840   0x00000064   Code   RO         2064    i.dmp_set_fifo_rate  inv_mpu_dmp_motion_driver.o
    0x080068a4   0x080068a4   0x000000cc   Code   RO         2065    i.dmp_set_gyro_bias  inv_mpu_dmp_motion_driver.o
    0x08006970   0x08006970   0x0000010c   Code   RO         2067    i.dmp_set_orientation  inv_mpu_dmp_motion_driver.o
    0x08006a7c   0x08006a7c   0x00000030   Code   RO         2070    i.dmp_set_shake_reject_thresh  inv_mpu_dmp_motion_driver.o
    0x08006aac   0x08006aac   0x00000020   Code   RO         2071    i.dmp_set_shake_reject_time  inv_mpu_dmp_motion_driver.o
    0x08006acc   0x08006acc   0x00000020   Code   RO         2072    i.dmp_set_shake_reject_timeout  inv_mpu_dmp_motion_driver.o
    0x08006aec   0x08006aec   0x00000040   Code   RO         2073    i.dmp_set_tap_axes  inv_mpu_dmp_motion_driver.o
    0x08006b2c   0x08006b2c   0x00000022   Code   RO         2074    i.dmp_set_tap_count  inv_mpu_dmp_motion_driver.o
    0x08006b4e   0x08006b4e   0x00000002   PAD
    0x08006b50   0x08006b50   0x00000128   Code   RO         2075    i.dmp_set_tap_thresh  inv_mpu_dmp_motion_driver.o
    0x08006c78   0x08006c78   0x00000020   Code   RO         2076    i.dmp_set_tap_time  inv_mpu_dmp_motion_driver.o
    0x08006c98   0x08006c98   0x00000020   Code   RO         2077    i.dmp_set_tap_time_multi  inv_mpu_dmp_motion_driver.o
    0x08006cb8   0x08006cb8   0x00000014   Code   RO           17    i.fputc             main.o
    0x08006ccc   0x08006ccc   0x000000ac   Code   RO         1688    i.get_accel_prod_shift  inv_mpu.o
    0x08006d78   0x08006d78   0x00000314   Code   RO         1689    i.get_st_biases     inv_mpu.o
    0x0800708c   0x0800708c   0x000000d4   Code   RO         1690    i.gyro_self_test    inv_mpu.o
    0x08007160   0x08007160   0x00000022   Code   RO         1691    i.inv_orientation_matrix_to_scalar  inv_mpu.o
    0x08007182   0x08007182   0x00000048   Code   RO         1692    i.inv_row_2_scale   inv_mpu.o
    0x080071ca   0x080071ca   0x00000002   PAD
    0x080071cc   0x080071cc   0x00000120   Code   RO           18    i.main              main.o
    0x080072ec   0x080072ec   0x0000000c   Code   RO         5640    i.makeFreeRtosPriority  cmsis_os.o
    0x080072f8   0x080072f8   0x00000002   Code   RO         1693    i.mget_ms           inv_mpu.o
    0x080072fa   0x080072fa   0x00000002   PAD
    0x080072fc   0x080072fc   0x00000054   Code   RO         1694    i.mpu_configure_fifo  inv_mpu.o
    0x08007350   0x08007350   0x000001c8   Code   RO         1695    i.mpu_dmp_get_data  inv_mpu.o
    0x08007518   0x08007518   0x000000a4   Code   RO         1696    i.mpu_dmp_init      inv_mpu.o
    0x080075bc   0x080075bc   0x0000003c   Code   RO         1697    i.mpu_get_accel_fsr  inv_mpu.o
    0x080075f8   0x080075f8   0x00000044   Code   RO         1699    i.mpu_get_accel_sens  inv_mpu.o
    0x0800763c   0x0800763c   0x00000034   Code   RO         1705    i.mpu_get_gyro_fsr  inv_mpu.o
    0x08007670   0x08007670   0x00000040   Code   RO         1707    i.mpu_get_gyro_sens  inv_mpu.o
    0x080076b0   0x080076b0   0x00000038   Code   RO         1709    i.mpu_get_lpf       inv_mpu.o
    0x080076e8   0x080076e8   0x0000001c   Code   RO         1711    i.mpu_get_sample_rate  inv_mpu.o
    0x08007704   0x08007704   0x00000188   Code   RO         1713    i.mpu_init          inv_mpu.o
    0x0800788c   0x0800788c   0x000000a0   Code   RO         1714    i.mpu_load_firmware  inv_mpu.o
    0x0800792c   0x0800792c   0x000000b8   Code   RO         1715    i.mpu_lp_accel_mode  inv_mpu.o
    0x080079e4   0x080079e4   0x00000090   Code   RO         1718    i.mpu_read_fifo_stream  inv_mpu.o
    0x08007a74   0x08007a74   0x00000054   Code   RO         1719    i.mpu_read_mem      inv_mpu.o
    0x08007ac8   0x08007ac8   0x00000160   Code   RO         1722    i.mpu_reset_fifo    inv_mpu.o
    0x08007c28   0x08007c28   0x000000f0   Code   RO         1723    i.mpu_run_self_test  inv_mpu.o
    0x08007d18   0x08007d18   0x00000068   Code   RO         1725    i.mpu_set_accel_fsr  inv_mpu.o
    0x08007d80   0x08007d80   0x000000dc   Code   RO         1726    i.mpu_set_bypass    inv_mpu.o
    0x08007e5c   0x08007e5c   0x00000078   Code   RO         1728    i.mpu_set_dmp_state  inv_mpu.o
    0x08007ed4   0x08007ed4   0x0000006c   Code   RO         1729    i.mpu_set_gyro_fsr  inv_mpu.o
    0x08007f40   0x08007f40   0x00000064   Code   RO         1730    i.mpu_set_int_latched  inv_mpu.o
    0x08007fa4   0x08007fa4   0x0000006c   Code   RO         1732    i.mpu_set_lpf       inv_mpu.o
    0x08008010   0x08008010   0x00000080   Code   RO         1733    i.mpu_set_sample_rate  inv_mpu.o
    0x08008090   0x08008090   0x000000b8   Code   RO         1734    i.mpu_set_sensors   inv_mpu.o
    0x08008148   0x08008148   0x00000054   Code   RO         1735    i.mpu_write_mem     inv_mpu.o
    0x0800819c   0x0800819c   0x00000024   Code   RO         1294    i.myData_Init       my_usart.o
    0x080081c0   0x080081c0   0x0000000c   Code   RO         1295    i.myData_Process    my_usart.o
    0x080081cc   0x080081cc   0x00000010   Code   RO         1357    i.oled_pow          oled.o
    0x080081dc   0x080081dc   0x0000000e   Code   RO         5642    i.osDelay           cmsis_os.o
    0x080081ea   0x080081ea   0x0000000a   Code   RO         5645    i.osKernelStart     cmsis_os.o
    0x080081f4   0x080081f4   0x00000054   Code   RO         5679    i.osThreadCreate    cmsis_os.o
    0x08008248   0x08008248   0x00000070   Code   RO         5337    i.prvAddCurrentTaskToDelayedList  tasks.o
    0x080082b8   0x080082b8   0x000000d0   Code   RO         5338    i.prvAddNewTaskToReadyList  tasks.o
    0x08008388   0x08008388   0x00000034   Code   RO         5339    i.prvDeleteTCB      tasks.o
    0x080083bc   0x080083bc   0x0000004c   Code   RO         6010    i.prvHeapInit       heap_4.o
    0x08008408   0x08008408   0x00000060   Code   RO         5340    i.prvIdleTask       tasks.o
    0x08008468   0x08008468   0x0000008e   Code   RO         5341    i.prvInitialiseNewTask  tasks.o
    0x080084f6   0x080084f6   0x00000002   PAD
    0x080084f8   0x080084f8   0x0000004c   Code   RO         6011    i.prvInsertBlockIntoFreeList  heap_4.o
    0x08008544   0x08008544   0x00000020   Code   RO         5342    i.prvResetNextTaskUnblockTime  tasks.o
    0x08008564   0x08008564   0x00000028   Code   RO         6073    i.prvTaskExitError  port.o
    0x0800858c   0x0800858c   0x000000d8   Code   RO         6012    i.pvPortMalloc      heap_4.o
    0x08008664   0x08008664   0x00000024   Code   RO         6074    i.pxPortInitialiseStack  port.o
    0x08008688   0x08008688   0x000000a4   Code   RO         1082    i.rc_smooth         contrl.o
    0x0800872c   0x0800872c   0x00000076   Code   RO         1736    i.run_self_test     inv_mpu.o
    0x080087a2   0x080087a2   0x00000002   PAD
    0x080087a4   0x080087a4   0x00000058   Code   RO         1737    i.set_int_enable    inv_mpu.o
    0x080087fc   0x080087fc   0x000000a0   Code   RO         6187    i.sin               m_ws.l(sin.o)
    0x0800889c   0x0800889c   0x0000004c   Code   RO         6195    i.sqrt              m_ws.l(sqrt.o)
    0x080088e8   0x080088e8   0x00000026   Code   RO         4979    i.uxListRemove      list.o
    0x0800890e   0x0800890e   0x00000002   PAD
    0x08008910   0x08008910   0x00000014   Code   RO          280    i.vApplicationGetIdleTaskMemory  freertos.o
    0x08008924   0x08008924   0x00000016   Code   RO         4980    i.vListInitialise   list.o
    0x0800893a   0x0800893a   0x00000006   Code   RO         4981    i.vListInitialiseItem  list.o
    0x08008940   0x08008940   0x00000030   Code   RO         4982    i.vListInsert       list.o
    0x08008970   0x08008970   0x00000018   Code   RO         4983    i.vListInsertEnd    list.o
    0x08008988   0x08008988   0x00000040   Code   RO         6076    i.vPortEnterCritical  port.o
    0x080089c8   0x080089c8   0x00000028   Code   RO         6077    i.vPortExitCritical  port.o
    0x080089f0   0x080089f0   0x0000005c   Code   RO         6013    i.vPortFree         heap_4.o
    0x08008a4c   0x08008a4c   0x00000024   Code   RO         6078    i.vPortSetupTimerInterrupt  port.o
    0x08008a70   0x08008a70   0x0000004c   Code   RO         5350    i.vTaskDelay        tasks.o
    0x08008abc   0x08008abc   0x0000006c   Code   RO         5363    i.vTaskStartScheduler  tasks.o
    0x08008b28   0x08008b28   0x00000010   Code   RO         5365    i.vTaskSuspendAll   tasks.o
    0x08008b38   0x08008b38   0x0000005c   Code   RO         5366    i.vTaskSwitchContext  tasks.o
    0x08008b94   0x08008b94   0x000000a8   Code   RO         6080    i.xPortStartScheduler  port.o
    0x08008c3c   0x08008c3c   0x0000005a   Code   RO         5368    i.xTaskCreate       tasks.o
    0x08008c96   0x08008c96   0x00000056   Code   RO         5369    i.xTaskCreateStatic  tasks.o
    0x08008cec   0x08008cec   0x000000c8   Code   RO         5376    i.xTaskIncrementTick  tasks.o
    0x08008db4   0x08008db4   0x000000c4   Code   RO         5382    i.xTaskResumeAll    tasks.o
    0x08008e78   0x08008e78   0x00000070   Data   RO          282    .constdata          freertos.o
    0x08008ee8   0x08008ee8   0x00000010   Data   RO          946    .constdata          system_stm32f1xx.o
    0x08008ef8   0x08008ef8   0x00000008   Data   RO          947    .constdata          system_stm32f1xx.o
    0x08008f00   0x08008f00   0x00000818   Data   RO         1358    .constdata          oled.o
    0x08009718   0x08009718   0x0000001b   Data   RO         1739    .constdata          inv_mpu.o
    0x08009733   0x08009733   0x00000001   PAD
    0x08009734   0x08009734   0x0000000c   Data   RO         1740    .constdata          inv_mpu.o
    0x08009740   0x08009740   0x00000028   Data   RO         1741    .constdata          inv_mpu.o
    0x08009768   0x08009768   0x00000bf6   Data   RO         2079    .constdata          inv_mpu_dmp_motion_driver.o
    0x0800a35e   0x0800a35e   0x00000002   PAD
    0x0800a360   0x0800a360   0x00000050   Data   RO         6150    .constdata          m_ws.l(acos.o)
    0x0800a3b0   0x0800a3b0   0x00000050   Data   RO         6160    .constdata          m_ws.l(asin.o)
    0x0800a400   0x0800a400   0x00000098   Data   RO         6170    .constdata          m_ws.l(atan.o)
    0x0800a498   0x0800a498   0x00000030   Data   RO         6511    .constdata          m_ws.l(cos_i.o)
    0x0800a4c8   0x0800a4c8   0x00000008   Data   RO         6531    .constdata          m_ws.l(qnan.o)
    0x0800a4d0   0x0800a4d0   0x000000c8   Data   RO         6534    .constdata          m_ws.l(rred.o)
    0x0800a598   0x0800a598   0x00000028   Data   RO         6538    .constdata          m_ws.l(sin_i.o)
    0x0800a5c0   0x0800a5c0   0x00000031   Data   RO          283    .conststring        freertos.o
    0x0800a5f1   0x0800a5f1   0x00000003   PAD
    0x0800a5f4   0x0800a5f4   0x0000004d   Data   RO         1742    .conststring        inv_mpu.o
    0x0800a641   0x0800a641   0x00000003   PAD
    0x0800a644   0x0800a644   0x00000020   Data   RO         6594    Region$$Table       anon$$obj.o


    Execution Region RW_IRAM1 (Exec base: 0x20000000, Load base: 0x0800a664, Size: 0x000018e8, Max: 0x00005000, ABSOLUTE, COMPRESSED[0x00000060])

    Exec Addr    Load Addr    Size         Type   Attr      Idx    E Section Name        Object

    0x20000000   COMPRESSED   0x00000010   Data   RW          284    .data               freertos.o
    0x20000010   COMPRESSED   0x00000004   Data   RW          948    .data               system_stm32f1xx.o
    0x20000014   COMPRESSED   0x0000006c   Data   RW          988    .data               car_task.o
    0x20000080   COMPRESSED   0x00000038   Data   RW         1084    .data               contrl.o
    0x200000b8   COMPRESSED   0x00000014   Data   RW         1563    .data               echo.o
    0x200000cc   COMPRESSED   0x00000010   Data   RW         1658    .data               tracemodule.o
    0x200000dc   COMPRESSED   0x00000035   Data   RW         1743    .data               inv_mpu.o
    0x20000111   COMPRESSED   0x00000003   PAD
    0x20000114   COMPRESSED   0x0000000c   Data   RW         2573    .data               stm32f1xx_hal.o
    0x20000120   COMPRESSED   0x0000003c   Data   RW         5385    .data               tasks.o
    0x2000015c   COMPRESSED   0x00000018   Data   RW         6018    .data               heap_4.o
    0x20000174   COMPRESSED   0x0000000c   Data   RW         6081    .data               port.o
    0x20000180   COMPRESSED   0x00000004   Data   RW         6559    .data               mc_w.l(stdout.o)
    0x20000184   COMPRESSED   0x00000004   Data   RW         6571    .data               mc_w.l(errno.o)
    0x20000188        -       0x00000254   Zero   RW          281    .bss                freertos.o
    0x200003dc        -       0x00000074   Zero   RW          505    .bss                adc.o
    0x20000450        -       0x000000d8   Zero   RW          661    .bss                tim.o
    0x20000528        -       0x00000198   Zero   RW          719    .bss                usart.o
    0x200006c0        -       0x00000048   Zero   RW          908    .bss                stm32f1xx_hal_timebase_tim.o
    0x20000708        -       0x00000018   Zero   RW          987    .bss                car_task.o
    0x20000720        -       0x00000020   Zero   RW         1083    .bss                contrl.o
    0x20000740        -       0x000000a4   Zero   RW         1296    .bss                my_usart.o
    0x200007e4        -       0x00000010   Zero   RW         2078    .bss                inv_mpu_dmp_motion_driver.o
    0x200007f4        -       0x000000f0   Zero   RW         5384    .bss                tasks.o
    0x200008e4        -       0x00000c00   Zero   RW         6017    .bss                heap_4.o
    0x200014e4   COMPRESSED   0x00000004   PAD
    0x200014e8        -       0x00000400   Zero   RW            1    STACK               startup_stm32f103xb.o


==============================================================================

Image component sizes


      Code (inc. data)   RO Data    RW Data    ZI Data      Debug   Object Name

       220         30          0          0        116     437011   adc.o
      2056        448          0        108         24       4816   car_task.o
       120          0          0          0          0      24661   cmsis_os.o
       968         72          0         56         32       8999   contrl.o
         0          0          0          0          0       7384   croutine.o
       108          4          0          0          0        742   dma.o
       284         52          0         20          0       2005   echo.o
         0          0          0          0          0      19112   event_groups.o
       468        118        161         16        596      32824   freertos.o
       288         22          0          0          0        963   gpio.o
       460         24          0         24       3072       7123   heap_4.o
       600         44          0          0          0       5183   iic.o
      5358        296        156         53          0      29462   inv_mpu.o
      2382        118       3062          0         16      19190   inv_mpu_dmp_motion_driver.o
       138          0          0          0          0       3302   list.o
       426         68          0          0          0     427080   main.o
       190          0          0          0          0       2024   mpu6050.o
       304         10          0          0        164       3815   my_usart.o
       902         22       2072          0          0       7420   oled.o
       578         60          0         12          0      10148   port.o
         0          0          0          0          0       2460   queue.o
        36          8        236          0       1024        792   startup_stm32f103xb.o
       100         18          0         12          0       5114   stm32f1xx_hal.o
      1260         54          0          0          0       6392   stm32f1xx_hal_adc.o
       158         14          0          0          0      28110   stm32f1xx_hal_cortex.o
       808         36          0          0          0       4866   stm32f1xx_hal_dma.o
       540         40          0          0          0       4615   stm32f1xx_hal_gpio.o
        72         10          0          0          0        810   stm32f1xx_hal_msp.o
      1336        110          0          0          0       5701   stm32f1xx_hal_rcc.o
       436         46          0          0          0       2477   stm32f1xx_hal_rcc_ex.o
      1448         58          0          0          0      12415   stm32f1xx_hal_tim.o
       108         12          0          0          0       2305   stm32f1xx_hal_tim_ex.o
       140         22          0          0         72       1351   stm32f1xx_hal_timebase_tim.o
      1512         24          0          0          0      12277   stm32f1xx_hal_uart.o
       296         70          0          0          0       7646   stm32f1xx_it.o
         0          0          0          0          0        408   stream_buffer.o
        44         10          0          0          0       1327   sys_time.o
         2          0         24          4          0       1039   system_stm32f1xx.o
      1506        110          0         60        240      15842   tasks.o
       768         58          0          0        216       3677   tim.o
       112         12          0         16          0        763   tracemodule.o
       516         44          0          0        408       2599   usart.o

    ----------------------------------------------------------------------
     27104       2144       5752        384       5984    1176250   Object Totals
         0          0         32          0          0          0   (incl. Generated)
        56          0          9          3          4          0   (incl. Padding)

    ----------------------------------------------------------------------

      Code (inc. data)   RO Data    RW Data    ZI Data      Debug   Library Member Name

       636         62         80          0          0        188   acos.o
       624         52         80          0          0        168   asin.o
       544         70        152          0          0        124   atan.o
       412         38          0          0          0        144   atan2.o
       252         22         48          0          0        124   cos_i.o
        38          6          0          0          0        272   dunder.o
        40          0          0          0          0         68   fpclassify.o
       170          0          0          0          0         96   poly.o
         0          0          8          0          0          0   qnan.o
       904         76        200          0          0        140   rred.o
       160         10          0          0          0        108   sin.o
       236         12         40          0          0        128   sin_i.o
        76          0          0          0          0         84   sqrt.o
        86          0          0          0          0          0   __dczerorl2.o
         0          0          0          0          0          0   entry.o
         0          0          0          0          0          0   entry10a.o
         0          0          0          0          0          0   entry11a.o
         4          0          0          0          0          0   entry12b.o
         8          4          0          0          0          0   entry2.o
         4          0          0          0          0          0   entry5.o
         0          0          0          0          0          0   entry7b.o
         0          0          0          0          0          0   entry8b.o
         8          4          0          0          0          0   entry9a.o
        12          6          0          4          0         68   errno.o
        30          0          0          0          0          0   handlers.o
        36          8          0          0          0         68   init.o
         0          0          0          0          0          0   iusefp.o
        98          0          0          0          0         84   ldiv.o
        30          0          0          0          0         68   llshl.o
        36          0          0          0          0         68   llsshr.o
        32          0          0          0          0         68   llushr.o
        26          0          0          0          0         80   memcmp.o
        36          0          0          0          0         68   memcpya.o
        36          0          0          0          0        108   memseta.o
      2218         90          0          0          0        464   printfa.o
         0          0          0          4          0          0   stdout.o
        44          0          0          0          0         80   uidiv.o
        98          0          0          0          0         92   uldiv.o
        48          0          0          0          0         68   cdcmple.o
        48          0          0          0          0         68   cdrcmple.o
        56          0          0          0          0         88   d2f.o
       334          0          0          0          0        148   dadd.o
       222          0          0          0          0        100   ddiv.o
       186          0          0          0          0        176   depilogue.o
        62          0          0          0          0         80   dfixi.o
        48          0          0          0          0         68   dfixul.o
        34          0          0          0          0         76   dflti.o
        26          0          0          0          0         76   dfltui.o
       228          0          0          0          0         96   dmul.o
        46          0          0          0          0         80   dscalb.o
       162          0          0          0          0        100   dsqrt.o
        38          0          0          0          0         68   f2d.o
       176          0          0          0          0        140   fadd.o
       124          0          0          0          0         88   fdiv.o
       110          0          0          0          0        168   fepilogue.o
        50          0          0          0          0         68   ffixi.o
        40          0          0          0          0         68   ffixui.o
        18          0          0          0          0         68   fflti.o
        10          0          0          0          0         68   ffltui.o
       100          0          0          0          0         76   fmul.o
        24          0          0          0          0         68   fscalb.o

    ----------------------------------------------------------------------
      9132        460        608          8          0       5064   Library Totals
         8          0          0          0          0          0   (incl. Padding)

    ----------------------------------------------------------------------

      Code (inc. data)   RO Data    RW Data    ZI Data      Debug   Library Name

      4092        348        608          0          0       1644   m_ws.l
      2842        112          0          8          0       1316   mc_w.l
      2190          0          0          0          0       2104   mf_w.l

    ----------------------------------------------------------------------
      9132        460        608          8          0       5064   Library Totals

    ----------------------------------------------------------------------

==============================================================================


      Code (inc. data)   RO Data    RW Data    ZI Data      Debug   

     36236       2604       6360        392       5984    1166310   Grand Totals
     36236       2604       6360         96       5984    1166310   ELF Image Totals (compressed)
     36236       2604       6360         96          0          0   ROM Totals

==============================================================================

    Total RO  Size (Code + RO Data)                42596 (  41.60kB)
    Total RW  Size (RW Data + ZI Data)              6376 (   6.23kB)
    Total ROM Size (Code + RO Data + RW Data)      42692 (  41.69kB)

==============================================================================

